../Core/Src/main.c:118:6:filtr_raw_data	16	static
../Core/Src/main.c:137:6:calc_total_acc	32	static
../Core/Src/main.c:145:7:calc_mean	24	static
../Core/Src/main.c:163:6:filtr_total_acc	24	static
../Core/Src/main.c:175:6:find_no_move	32	static
../Core/Src/main.c:203:6:calc_orientation	40	static
../Core/Src/main.c:225:6:filtr_orientation_z	40	static
../Core/Src/main.c:234:6:rotation_of_axis	72	static
../Core/Src/main.c:261:6:calc_velocity	32	static
../Core/Src/main.c:283:6:velocity_compensation	56	static
../Core/Src/main.c:316:6:calc_position	48	static
../Core/Src/main.c:329:6:corection_in_flat_move	104	static
../Core/Src/main.c:399:6:print	488	static
../Core/Src/main.c:416:6:print_raw	296	static
../Core/Src/main.c:427:6:print_tab	224	static
../Core/Src/main.c:438:6:print_text	16	static
../Core/Src/main.c:443:6:calculate	256	dynamic
../Core/Src/main.c:498:6:send_uart	24	static
../Core/Src/main.c:504:6:HAL_TIM_PeriodElapsedCallback	16	static
../Core/Src/main.c:538:5:main	32	static
../Core/Src/main.c:649:6:SystemClock_Config	88	static
../Core/Src/main.c:702:6:Error_Handler	4	static,ignoring_inline_asm
