Archive member included to satisfy reference by file (symbol)

D:\Kacper\Documents\STM32CubeIDE\workspace_1.13.2\IMU\libs\libarm_cortexM7lfsp_math.a(arm_biquad_cascade_df1_init_f32.o)
                              ./Core/Src/main.o (arm_biquad_cascade_df1_init_f32)
D:\Kacper\Documents\STM32CubeIDE\workspace_1.13.2\IMU\libs\libarm_cortexM7lfsp_math.a(arm_biquad_cascade_df1_f32.o)
                              ./Core/Src/main.o (arm_biquad_cascade_df1_f32)
C:/ST/STM32CubeIDE_1.13.2/STM32CubeIDE/plugins/com.st.stm32cube.ide.mcu.externaltools.gnu-tools-for-stm32.11.3.rel1.win32_1.1.1.202309131626/tools/bin/../lib/gcc/arm-none-eabi/11.3.1/../../../../arm-none-eabi/lib/thumb/v7e-m+fp/hard\libc_nano.a(libc_a-exit.o)
                              C:/ST/STM32CubeIDE_1.13.2/STM32CubeIDE/plugins/com.st.stm32cube.ide.mcu.externaltools.gnu-tools-for-stm32.11.3.rel1.win32_1.1.1.202309131626/tools/bin/../lib/gcc/arm-none-eabi/11.3.1/../../../../arm-none-eabi/lib/thumb/v7e-m+fp/hard/crt0.o (exit)
C:/ST/STM32CubeIDE_1.13.2/STM32CubeIDE/plugins/com.st.stm32cube.ide.mcu.externaltools.gnu-tools-for-stm32.11.3.rel1.win32_1.1.1.202309131626/tools/bin/../lib/gcc/arm-none-eabi/11.3.1/../../../../arm-none-eabi/lib/thumb/v7e-m+fp/hard\libc_nano.a(libc_a-nano-vfprintf_float.o)
                              (_printf_float)
C:/ST/STM32CubeIDE_1.13.2/STM32CubeIDE/plugins/com.st.stm32cube.ide.mcu.externaltools.gnu-tools-for-stm32.11.3.rel1.win32_1.1.1.202309131626/tools/bin/../lib/gcc/arm-none-eabi/11.3.1/../../../../arm-none-eabi/lib/thumb/v7e-m+fp/hard\libc_nano.a(libc_a-nano-vfprintf_i.o)
                              C:/ST/STM32CubeIDE_1.13.2/STM32CubeIDE/plugins/com.st.stm32cube.ide.mcu.externaltools.gnu-tools-for-stm32.11.3.rel1.win32_1.1.1.202309131626/tools/bin/../lib/gcc/arm-none-eabi/11.3.1/../../../../arm-none-eabi/lib/thumb/v7e-m+fp/hard\libc_nano.a(libc_a-nano-vfprintf_float.o) (_printf_common)
C:/ST/STM32CubeIDE_1.13.2/STM32CubeIDE/plugins/com.st.stm32cube.ide.mcu.externaltools.gnu-tools-for-stm32.11.3.rel1.win32_1.1.1.202309131626/tools/bin/../lib/gcc/arm-none-eabi/11.3.1/../../../../arm-none-eabi/lib/thumb/v7e-m+fp/hard\libc_nano.a(libc_a-findfp.o)
                              C:/ST/STM32CubeIDE_1.13.2/STM32CubeIDE/plugins/com.st.stm32cube.ide.mcu.externaltools.gnu-tools-for-stm32.11.3.rel1.win32_1.1.1.202309131626/tools/bin/../lib/gcc/arm-none-eabi/11.3.1/../../../../arm-none-eabi/lib/thumb/v7e-m+fp/hard\libc_nano.a(libc_a-exit.o) (__stdio_exit_handler)
C:/ST/STM32CubeIDE_1.13.2/STM32CubeIDE/plugins/com.st.stm32cube.ide.mcu.externaltools.gnu-tools-for-stm32.11.3.rel1.win32_1.1.1.202309131626/tools/bin/../lib/gcc/arm-none-eabi/11.3.1/../../../../arm-none-eabi/lib/thumb/v7e-m+fp/hard\libc_nano.a(libc_a-fwalk.o)
                              C:/ST/STM32CubeIDE_1.13.2/STM32CubeIDE/plugins/com.st.stm32cube.ide.mcu.externaltools.gnu-tools-for-stm32.11.3.rel1.win32_1.1.1.202309131626/tools/bin/../lib/gcc/arm-none-eabi/11.3.1/../../../../arm-none-eabi/lib/thumb/v7e-m+fp/hard\libc_nano.a(libc_a-findfp.o) (_fwalk_sglue)
C:/ST/STM32CubeIDE_1.13.2/STM32CubeIDE/plugins/com.st.stm32cube.ide.mcu.externaltools.gnu-tools-for-stm32.11.3.rel1.win32_1.1.1.202309131626/tools/bin/../lib/gcc/arm-none-eabi/11.3.1/../../../../arm-none-eabi/lib/thumb/v7e-m+fp/hard\libc_nano.a(libc_a-sprintf.o)
                              ./Core/Src/main.o (sprintf)
C:/ST/STM32CubeIDE_1.13.2/STM32CubeIDE/plugins/com.st.stm32cube.ide.mcu.externaltools.gnu-tools-for-stm32.11.3.rel1.win32_1.1.1.202309131626/tools/bin/../lib/gcc/arm-none-eabi/11.3.1/../../../../arm-none-eabi/lib/thumb/v7e-m+fp/hard\libc_nano.a(libc_a-stdio.o)
                              C:/ST/STM32CubeIDE_1.13.2/STM32CubeIDE/plugins/com.st.stm32cube.ide.mcu.externaltools.gnu-tools-for-stm32.11.3.rel1.win32_1.1.1.202309131626/tools/bin/../lib/gcc/arm-none-eabi/11.3.1/../../../../arm-none-eabi/lib/thumb/v7e-m+fp/hard\libc_nano.a(libc_a-findfp.o) (__sread)
C:/ST/STM32CubeIDE_1.13.2/STM32CubeIDE/plugins/com.st.stm32cube.ide.mcu.externaltools.gnu-tools-for-stm32.11.3.rel1.win32_1.1.1.202309131626/tools/bin/../lib/gcc/arm-none-eabi/11.3.1/../../../../arm-none-eabi/lib/thumb/v7e-m+fp/hard\libc_nano.a(libc_a-memset.o)
                              C:/ST/STM32CubeIDE_1.13.2/STM32CubeIDE/plugins/com.st.stm32cube.ide.mcu.externaltools.gnu-tools-for-stm32.11.3.rel1.win32_1.1.1.202309131626/tools/bin/../lib/gcc/arm-none-eabi/11.3.1/../../../../arm-none-eabi/lib/thumb/v7e-m+fp/hard/crt0.o (memset)
C:/ST/STM32CubeIDE_1.13.2/STM32CubeIDE/plugins/com.st.stm32cube.ide.mcu.externaltools.gnu-tools-for-stm32.11.3.rel1.win32_1.1.1.202309131626/tools/bin/../lib/gcc/arm-none-eabi/11.3.1/../../../../arm-none-eabi/lib/thumb/v7e-m+fp/hard\libc_nano.a(libc_a-localeconv.o)
[...]
Memory Configuration

Name             Origin             Length             Attributes
RAM              0x0000000020000000 0x0000000000050000 xrw
FLASH            0x0000000008000000 0x0000000000100000 xr
*default*        0x0000000000000000 0xffffffffffffffff

Linker script and memory map

LOAD C:/ST/STM32CubeIDE_1.13.2/STM32CubeIDE/plugins/com.st.stm32cube.ide.mcu.externaltools.gnu-tools-for-stm32.11.3.rel1.win32_1.1.1.202309131626/tools/bin/../lib/gcc/arm-none-eabi/11.3.1/thumb/v7e-m+fp/hard/crti.o
LOAD C:/ST/STM32CubeIDE_1.13.2/STM32CubeIDE/plugins/com.st.stm32cube.ide.mcu.externaltools.gnu-tools-for-stm32.11.3.rel1.win32_1.1.1.202309131626/tools/bin/../lib/gcc/arm-none-eabi/11.3.1/thumb/v7e-m+fp/hard/crtbegin.o
LOAD C:/ST/STM32CubeIDE_1.13.2/STM32CubeIDE/plugins/com.st.stm32cube.ide.mcu.externaltools.gnu-tools-for-stm32.11.3.rel1.win32_1.1.1.202309131626/tools/bin/../lib/gcc/arm-none-eabi/11.3.1/../../../../arm-none-eabi/lib/thumb/v7e-m+fp/hard/crt0.o
LOAD ./Core/Src/bmi160.o
LOAD ./Core/Src/bmi160_wrapper.o
LOAD ./Core/Src/common_porting.o
LOAD ./Core/Src/fatfs_sd.o
LOAD ./Core/Src/gpio.o
LOAD ./Core/Src/i2c.o
LOAD ./Core/Src/main.o
LOAD ./Core/Src/spi.o
LOAD ./Core/Src/stm32f7xx_hal_msp.o
LOAD ./Core/Src/stm32f7xx_it.o
LOAD ./Core/Src/syscalls.o
LOAD ./Core/Src/sysmem.o
LOAD ./Core/Src/system_stm32f7xx.o
LOAD ./Core/Src/tim.o
LOAD ./Core/Src/usart.o
LOAD ./Core/Src/usb_otg.o
LOAD ./Core/Startup/startup_stm32f746zgtx.o
LOAD ./Drivers/STM32F7xx_HAL_Driver/Src/stm32f7xx_hal.o
LOAD ./Drivers/STM32F7xx_HAL_Driver/Src/stm32f7xx_hal_cortex.o
LOAD ./Drivers/STM32F7xx_HAL_Driver/Src/stm32f7xx_hal_dma.o
LOAD ./Drivers/STM32F7xx_HAL_Driver/Src/stm32f7xx_hal_dma_ex.o
LOAD ./Drivers/STM32F7xx_HAL_Driver/Src/stm32f7xx_hal_exti.o
LOAD ./Drivers/STM32F7xx_HAL_Driver/Src/stm32f7xx_hal_flash.o
LOAD ./Drivers/STM32F7xx_HAL_Driver/Src/stm32f7xx_hal_flash_ex.o
LOAD ./Drivers/STM32F7xx_HAL_Driver/Src/stm32f7xx_hal_gpio.o
LOAD ./Drivers/STM32F7xx_HAL_Driver/Src/stm32f7xx_hal_i2c.o
LOAD ./Drivers/STM32F7xx_HAL_Driver/Src/stm32f7xx_hal_i2c_ex.o
LOAD ./Drivers/STM32F7xx_HAL_Driver/Src/stm32f7xx_hal_pcd.o
LOAD ./Drivers/STM32F7xx_HAL_Driver/Src/stm32f7xx_hal_pcd_ex.o
LOAD ./Drivers/STM32F7xx_HAL_Driver/Src/stm32f7xx_hal_pwr.o
LOAD ./Drivers/STM32F7xx_HAL_Driver/Src/stm32f7xx_hal_pwr_ex.o
LOAD ./Drivers/STM32F7xx_HAL_Driver/Src/stm32f7xx_hal_rcc.o
LOAD ./Drivers/STM32F7xx_HAL_Driver/Src/stm32f7xx_hal_rcc_ex.o
LOAD ./Drivers/STM32F7xx_HAL_Driver/Src/stm32f7xx_hal_spi.o
LOAD ./Drivers/STM32F7xx_HAL_Driver/Src/stm32f7xx_hal_spi_ex.o
LOAD ./Drivers/STM32F7xx_HAL_Driver/Src/stm32f7xx_hal_tim.o
LOAD ./Drivers/STM32F7xx_HAL_Driver/Src/stm32f7xx_hal_tim_ex.o
LOAD ./Drivers/STM32F7xx_HAL_Driver/Src/stm32f7xx_hal_uart.o
LOAD ./Drivers/STM32F7xx_HAL_Driver/Src/stm32f7xx_hal_uart_ex.o
LOAD ./Drivers/STM32F7xx_HAL_Driver/Src/stm32f7xx_ll_usb.o
LOAD ./FATFS/App/fatfs.o
LOAD ./FATFS/Target/user_diskio.o
LOAD ./Middlewares/Third_Party/FatFs/src/diskio.o
LOAD ./Middlewares/Third_Party/FatFs/src/ff.o
LOAD ./Middlewares/Third_Party/FatFs/src/ff_gen_drv.o
LOAD ./Middlewares/Third_Party/FatFs/src/option/ccsbcs.o
LOAD ./Middlewares/Third_Party/FatFs/src/option/syscall.o
LOAD D:\Kacper\Documents\STM32CubeIDE\workspace_1.13.2\IMU\libs\libarm_cortexM7lfsp_math.a
START GROUP
LOAD C:/ST/STM32CubeIDE_1.13.2/STM32CubeIDE/plugins/com.st.stm32cube.ide.mcu.externaltools.gnu-tools-for-stm32.11.3.rel1.win32_1.1.1.202309131626/tools/bin/../lib/gcc/arm-none-eabi/11.3.1/../../../../arm-none-eabi/lib/thumb/v7e-m+fp/hard\libc_nano.a
LOAD C:/ST/STM32CubeIDE_1.13.2/STM32CubeIDE/plugins/com.st.stm32cube.ide.mcu.externaltools.gnu-tools-for-stm32.11.3.rel1.win32_1.1.1.202309131626/tools/bin/../lib/gcc/arm-none-eabi/11.3.1/../../../../arm-none-eabi/lib/thumb/v7e-m+fp/hard\libm.a
END GROUP
START GROUP
LOAD C:/ST/STM32CubeIDE_1.13.2/STM32CubeIDE/plugins/com.st.stm32cube.ide.mcu.externaltools.gnu-tools-for-stm32.11.3.rel1.win32_1.1.1.202309131626/tools/bin/../lib/gcc/arm-none-eabi/11.3.1/thumb/v7e-m+fp/hard\libgcc.a
LOAD C:/ST/STM32CubeIDE_1.13.2/STM32CubeIDE/plugins/com.st.stm32cube.ide.mcu.externaltools.gnu-tools-for-stm32.11.3.rel1.win32_1.1.1.202309131626/tools/bin/../lib/gcc/arm-none-eabi/11.3.1/../../../../arm-none-eabi/lib/thumb/v7e-m+fp/hard\libc_nano.a
END GROUP
START GROUP
LOAD C:/ST/STM32CubeIDE_1.13.2/STM32CubeIDE/plugins/com.st.stm32cube.ide.mcu.externaltools.gnu-tools-for-stm32.11.3.rel1.win32_1.1.1.202309131626/tools/bin/../lib/gcc/arm-none-eabi/11.3.1/thumb/v7e-m+fp/hard\libgcc.a
LOAD C:/ST/STM32CubeIDE_1.13.2/STM32CubeIDE/plugins/com.st.stm32cube.ide.mcu.externaltools.gnu-tools-for-stm32.11.3.rel1.win32_1.1.1.202309131626/tools/bin/../lib/gcc/arm-none-eabi/11.3.1/../../../../arm-none-eabi/lib/thumb/v7e-m+fp/hard\libc_nano.a
LOAD C:/ST/STM32CubeIDE_1.13.2/STM32CubeIDE/plugins/com.st.stm32cube.ide.mcu.externaltools.gnu-tools-for-stm32.11.3.rel1.win32_1.1.1.202309131626/tools/bin/../lib/gcc/arm-none-eabi/11.3.1/../../../../arm-none-eabi/lib/thumb/v7e-m+fp/hard\libnosys.a
END GROUP
START GROUP
LOAD C:/ST/STM32CubeIDE_1.13.2/STM32CubeIDE/plugins/com.st.stm32cube.ide.mcu.externaltools.gnu-tools-for-stm32.11.3.rel1.win32_1.1.1.202309131626/tools/bin/../lib/gcc/arm-none-eabi/11.3.1/thumb/v7e-m+fp/hard\libgcc.a
LOAD C:/ST/STM32CubeIDE_1.13.2/STM32CubeIDE/plugins/com.st.stm32cube.ide.mcu.externaltools.gnu-tools-for-stm32.11.3.rel1.win32_1.1.1.202309131626/tools/bin/../lib/gcc/arm-none-eabi/11.3.1/../../../../arm-none-eabi/lib/thumb/v7e-m+fp/hard\libc_nano.a
LOAD C:/ST/STM32CubeIDE_1.13.2/STM32CubeIDE/plugins/com.st.stm32cube.ide.mcu.externaltools.gnu-tools-for-stm32.11.3.rel1.win32_1.1.1.202309131626/tools/bin/../lib/gcc/arm-none-eabi/11.3.1/../../../../arm-none-eabi/lib/thumb/v7e-m+fp/hard\libnosys.a
END GROUP
LOAD C:/ST/STM32CubeIDE_1.13.2/STM32CubeIDE/plugins/com.st.stm32cube.ide.mcu.externaltools.gnu-tools-for-stm32.11.3.rel1.win32_1.1.1.202309131626/tools/bin/../lib/gcc/arm-none-eabi/11.3.1/thumb/v7e-m+fp/hard/crtend.o
LOAD C:/ST/STM32CubeIDE_1.13.2/STM32CubeIDE/plugins/com.st.stm32cube.ide.mcu.externaltools.gnu-tools-for-stm32.11.3.rel1.win32_1.1.1.202309131626/tools/bin/../lib/gcc/arm-none-eabi/11.3.1/thumb/v7e-m+fp/hard/crtn.o
                0x0000000020050000                _estack = (ORIGIN (RAM) + LENGTH (RAM))
                0x0000000000000200                _Min_Heap_Size = 0x200
                0x0000000000000400                _Min_Stack_Size = 0x400

.isr_vector     0x0000000008000000      0x1c8
                0x0000000008000000                . = ALIGN (0x4)
 *(.isr_vector)
 .isr_vector    0x0000000008000000      0x1c8 ./Core/Startup/startup_stm32f746zgtx.o
                0x0000000008000000                g_pfnVectors
                0x00000000080001c8                . = ALIGN (0x4)

.text           0x00000000080001d0    0x13e98
                0x00000000080001d0                . = ALIGN (0x4)
 *(.text)
 .text          0x00000000080001d0       0x40 C:/ST/STM32CubeIDE_1.13.2/STM32CubeIDE/plugins/com.st.stm32cube.ide.mcu.externaltools.gnu-tools-for-stm32.11.3.rel1.win32_1.1.1.202309131626/tools/bin/../lib/gcc/arm-none-eabi/11.3.1/thumb/v7e-m+fp/hard/crtbegin.o
 .text          0x0000000008000210       0xa0 C:/ST/STM32CubeIDE_1.13.2/STM32CubeIDE/plugins/com.st.stm32cube.ide.mcu.externaltools.gnu-tools-for-stm32.11.3.rel1.win32_1.1.1.202309131626/tools/bin/../lib/gcc/arm-none-eabi/11.3.1/../../../../arm-none-eabi/lib/thumb/v7e-m+fp/hard\libc_nano.a(libc_a-memchr.o)
                0x0000000008000210                memchr
 .text          0x00000000080002b0       0x10 C:/ST/STM32CubeIDE_1.13.2/STM32CubeIDE/plugins/com.st.stm32cube.ide.mcu.externaltools.gnu-tools-for-stm32.11.3.rel1.win32_1.1.1.202309131626/tools/bin/../lib/gcc/arm-none-eabi/11.3.1/../../../../arm-none-eabi/lib/thumb/v7e-m+fp/hard\libc_nano.a(libc_a-strlen.o)
                0x00000000080002b0                strlen
 .text          0x00000000080002c0      0x378 C:/ST/STM32CubeIDE_1.13.2/STM32CubeIDE/plugins/com.st.stm32cube.ide.mcu.externaltools.gnu-tools-for-stm32.11.3.rel1.win32_1.1.1.202309131626/tools/bin/../lib/gcc/arm-none-eabi/11.3.1/thumb/v7e-m+fp/hard\libgcc.a(_arm_addsubdf3.o)
                0x00000000080002c0                __aeabi_drsub
                0x00000000080002c8                __aeabi_dsub
                0x00000000080002c8                __subdf3
                0x00000000080002cc                __aeabi_dadd
                0x00000000080002cc                __adddf3
                0x0000000008000544                __floatunsidf
                0x0000000008000544                __aeabi_ui2d
                0x0000000008000564                __floatsidf
                0x0000000008000564                __aeabi_i2d
                0x0000000008000588                __aeabi_f2d
                0x0000000008000588                __extendsfdf2
                0x00000000080005cc                __floatundidf
                0x00000000080005cc                __aeabi_ul2d
                0x00000000080005dc                __floatdidf
                0x00000000080005dc                __aeabi_l2d
 .text          0x0000000008000638      0x424 C:/ST/STM32CubeIDE_1.13.2/STM32CubeIDE/plugins/com.st.stm32cube.ide.mcu.externaltools.gnu-tools-for-stm32.11.3.rel1.win32_1.1.1.202309131626/tools/bin/../lib/gcc/arm-none-eabi/11.3.1/thumb/v7e-m+fp/hard\libgcc.a(_arm_muldivdf3.o)
                0x0000000008000638                __aeabi_dmul
                0x0000000008000638                __muldf3
                0x000000000800088c                __divdf3
                0x000000000800088c                __aeabi_ddiv
 .text          0x0000000008000a5c      0x110 C:/ST/STM32CubeIDE_1.13.2/STM32CubeIDE/plugins/com.st.stm32cube.ide.mcu.externaltools.gnu-tools-for-stm32.11.3.rel1.win32_1.1.1.202309131626/tools/bin/../lib/gcc/arm-none-eabi/11.3.1/thumb/v7e-m+fp/hard\libgcc.a(_arm_cmpdf2.o)
                0x0000000008000a5c                __gtdf2
                0x0000000008000a5c                __gedf2
                0x0000000008000a64                __ltdf2
                0x0000000008000a64                __ledf2
                0x0000000008000a6c                __nedf2
                0x0000000008000a6c                __eqdf2
                0x0000000008000a6c                __cmpdf2
                0x0000000008000ae8                __aeabi_cdrcmple
                0x0000000008000af8                __aeabi_cdcmpeq
                0x0000000008000af8                __aeabi_cdcmple
                0x0000000008000b08                __aeabi_dcmpeq
                0x0000000008000b1c                __aeabi_dcmplt
                0x0000000008000b30                __aeabi_dcmple
                0x0000000008000b44                __aeabi_dcmpge
                0x0000000008000b58                __aeabi_dcmpgt
 .text          0x0000000008000b6c       0x2c C:/ST/STM32CubeIDE_1.13.2/STM32CubeIDE/plugins/com.st.stm32cube.ide.mcu.externaltools.gnu-tools-for-stm32.11.3.rel1.win32_1.1.1.202309131626/tools/bin/../lib/gcc/arm-none-eabi/11.3.1/thumb/v7e-m+fp/hard\libgcc.a(_arm_unorddf2.o)
                0x0000000008000b6c                __unorddf2
                0x0000000008000b6c                __aeabi_dcmpun
 .text          0x0000000008000b98       0x50 C:/ST/STM32CubeIDE_1.13.2/STM32CubeIDE/plugins/com.st.stm32cube.ide.mcu.externaltools.gnu-tools-for-stm32.11.3.rel1.win32_1.1.1.202309131626/tools/bin/../lib/gcc/arm-none-eabi/11.3.1/thumb/v7e-m+fp/hard\libgcc.a(_arm_fixdfsi.o)
                0x0000000008000b98                __aeabi_d2iz
                0x0000000008000b98                __fixdfsi
 .text          0x0000000008000be8       0xa0 C:/ST/STM32CubeIDE_1.13.2/STM32CubeIDE/plugins/com.st.stm32cube.ide.mcu.externaltools.gnu-tools-for-stm32.11.3.rel1.win32_1.1.1.202309131626/tools/bin/../lib/gcc/arm-none-eabi/11.3.1/thumb/v7e-m+fp/hard\libgcc.a(_arm_truncdfsf2.o)
                0x0000000008000be8                __truncdfsf2
                0x0000000008000be8                __aeabi_d2f
 .text          0x0000000008000c88       0x30 C:/ST/STM32CubeIDE_1.13.2/STM32CubeIDE/plugins/com.st.stm32cube.ide.mcu.externaltools.gnu-tools-for-stm32.11.3.rel1.win32_1.1.1.202309131626/tools/bin/../lib/gcc/arm-none-eabi/11.3.1/thumb/v7e-m+fp/hard\libgcc.a(_aeabi_uldivmod.o)
                0x0000000008000c88                __aeabi_uldivmod
 .text          0x0000000008000cb8      0x2c8 C:/ST/STM32CubeIDE_1.13.2/STM32CubeIDE/plugins/com.st.stm32cube.ide.mcu.externaltools.gnu-tools-for-stm32.11.3.rel1.win32_1.1.1.202309131626/tools/bin/../lib/gcc/arm-none-eabi/11.3.1/thumb/v7e-m+fp/hard\libgcc.a(_udivmoddi4.o)
                0x0000000008000cb8                __udivmoddi4
 .text          0x0000000008000f80        0x4 C:/ST/STM32CubeIDE_1.13.2/STM32CubeIDE/plugins/com.st.stm32cube.ide.mcu.externaltools.gnu-tools-for-stm32.11.3.rel1.win32_1.1.1.202309131626/tools/bin/../lib/gcc/arm-none-eabi/11.3.1/thumb/v7e-m+fp/hard\libgcc.a(_dvmd_tls.o)
                0x0000000008000f80                __aeabi_idiv0
                0x0000000008000f80                __aeabi_ldiv0
 *(.text*)
 .text.bmi160_get_regs
                0x0000000008000f84       0x66 ./Core/Src/bmi160.o
                0x0000000008000f84                bmi160_get_regs
 .text.bmi160_set_regs
                0x0000000008000fea       0xc6 ./Core/Src/bmi160.o
                0x0000000008000fea                bmi160_set_regs
 .text.bmi160_init
                0x00000000080010b0       0x9c ./Core/Src/bmi160.o
                0x00000000080010b0                bmi160_init
 .text.bmi160_soft_reset
                0x000000000800114c       0x76 ./Core/Src/bmi160.o
                0x000000000800114c                bmi160_soft_reset
 .text.bmi160_set_sens_conf
                0x00000000080011c2       0x6c ./Core/Src/bmi160.o
                0x00000000080011c2                bmi160_set_sens_conf
 .text.bmi160_set_power_mode
                0x000000000800122e       0x48 ./Core/Src/bmi160.o
                0x000000000800122e                bmi160_set_power_mode
 .text.bmi160_get_sensor_data
                0x0000000008001276       0xce ./Core/Src/bmi160.o
                0x0000000008001276                bmi160_get_sensor_data
 .text.bmi160_set_int_config
                0x0000000008001344      0x118 ./Core/Src/bmi160.o
                0x0000000008001344                bmi160_set_int_config
 .text.bmi160_start_foc
                0x000000000800145c      0x102 ./Core/Src/bmi160.o
                0x000000000800145c                bmi160_start_foc
 .text.bmi160_get_offsets
                0x000000000800155e       0xf6 ./Core/Src/bmi160.o
                0x000000000800155e                bmi160_get_offsets
 .text.set_accel_any_motion_int
                0x0000000008001654       0x5c ./Core/Src/bmi160.o
 .text.set_accel_tap_int
                0x00000000080016b0       0x72 ./Core/Src/bmi160.o
 .text.set_accel_gyro_data_ready_int
                0x0000000008001722       0x66 ./Core/Src/bmi160.o
 .text.set_accel_sig_motion_int
                0x0000000008001788       0x5c ./Core/Src/bmi160.o
 .text.set_accel_no_motion_int
                0x00000000080017e4       0x5c ./Core/Src/bmi160.o
 .text.set_accel_step_detect_int
                0x0000000008001840       0x82 ./Core/Src/bmi160.o
 .text.set_accel_orientation_int
                0x00000000080018c2       0x82 ./Core/Src/bmi160.o
 .text.set_accel_flat_detect_int
                0x0000000008001944       0x82 ./Core/Src/bmi160.o
 .text.set_accel_low_g_int
                0x00000000080019c6       0x96 ./Core/Src/bmi160.o
 .text.set_accel_high_g_int
                0x0000000008001a5c       0x96 ./Core/Src/bmi160.o
 .text.set_intr_pin_config
                0x0000000008001af2       0x36 ./Core/Src/bmi160.o
 .text.null_ptr_check
                0x0000000008001b28       0x40 ./Core/Src/bmi160.o
 .text.default_param_settg
                0x0000000008001b68       0x54 ./Core/Src/bmi160.o
 .text.set_accel_conf
                0x0000000008001bbc       0x7e ./Core/Src/bmi160.o
 .text.check_accel_config
                0x0000000008001c3a       0x66 ./Core/Src/bmi160.o
 .text.process_accel_odr
                0x0000000008001ca0       0x68 ./Core/Src/bmi160.o
 .text.process_accel_bw
                0x0000000008001d08       0x6a ./Core/Src/bmi160.o
 .text.process_accel_range
                0x0000000008001d72       0x68 ./Core/Src/bmi160.o
 .text.check_invalid_settg
                0x0000000008001dda       0x6a ./Core/Src/bmi160.o
 .text.set_gyro_conf
                0x0000000008001e44       0x7e ./Core/Src/bmi160.o
 .text.check_gyro_config
                0x0000000008001ec2       0x66 ./Core/Src/bmi160.o
 .text.process_gyro_odr
                0x0000000008001f28       0x68 ./Core/Src/bmi160.o
 .text.process_gyro_bw
                0x0000000008001f90       0x5e ./Core/Src/bmi160.o
 .text.process_gyro_range
                0x0000000008001fee       0x68 ./Core/Src/bmi160.o
 .text.set_accel_pwr
                0x0000000008002056       0x84 ./Core/Src/bmi160.o
 .text.process_under_sampling
                0x00000000080020da       0xaa ./Core/Src/bmi160.o
 .text.set_gyro_pwr
                0x0000000008002184       0x88 ./Core/Src/bmi160.o
 .text.get_accel_data
                0x000000000800220c      0x196 ./Core/Src/bmi160.o
 .text.get_gyro_data
                0x00000000080023a2      0x294 ./Core/Src/bmi160.o
 .text.get_accel_gyro_data
                0x0000000008002636      0x27e ./Core/Src/bmi160.o
 .text.enable_accel_any_motion_int
                0x00000000080028b4       0xdc ./Core/Src/bmi160.o
 .text.disable_sig_motion_int
                0x0000000008002990       0x62 ./Core/Src/bmi160.o
 *fill*         0x00000000080029f2        0x2 
 .text.map_feature_interrupt
                0x00000000080029f4      0x134 ./Core/Src/bmi160.o
 .text.map_hardware_interrupt
                0x0000000008002b28      0x110 ./Core/Src/bmi160.o
 .text.config_any_motion_src
                0x0000000008002c38       0x6c ./Core/Src/bmi160.o
 .text.config_any_dur_threshold
                0x0000000008002ca4       0x82 ./Core/Src/bmi160.o
 .text.config_any_motion_int_settg
                0x0000000008002d26       0x72 ./Core/Src/bmi160.o
 .text.enable_data_ready_int
                0x0000000008002d98       0x5a ./Core/Src/bmi160.o
 .text.enable_no_motion_int
                0x0000000008002df2       0xaa ./Core/Src/bmi160.o
 .text.config_no_motion_int_settg
                0x0000000008002e9c       0x60 ./Core/Src/bmi160.o
 .text.config_no_motion_data_src
                0x0000000008002efc       0x6c ./Core/Src/bmi160.o
 .text.config_no_motion_dur_thr
                0x0000000008002f68       0xdc ./Core/Src/bmi160.o
 .text.enable_sig_motion_int
                0x0000000008003044       0x82 ./Core/Src/bmi160.o
 .text.config_sig_motion_int_settg
                0x00000000080030c6       0x60 ./Core/Src/bmi160.o
 .text.config_sig_motion_data_src
                0x0000000008003126       0x6c ./Core/Src/bmi160.o
 .text.config_sig_dur_threshold
                0x0000000008003192       0xde ./Core/Src/bmi160.o
 .text.enable_step_detect_int
                0x0000000008003270       0x72 ./Core/Src/bmi160.o
 .text.config_step_detect
                0x00000000080032e2      0x100 ./Core/Src/bmi160.o
 .text.enable_tap_int
                0x00000000080033e2       0xa6 ./Core/Src/bmi160.o
 .text.config_tap_int_settg
                0x0000000008003488       0x62 ./Core/Src/bmi160.o
 .text.config_tap_data_src
                0x00000000080034ea       0x72 ./Core/Src/bmi160.o
 .text.config_tap_param
                0x000000000800355c      0x134 ./Core/Src/bmi160.o
 .text.enable_orient_int
                0x0000000008003690       0x72 ./Core/Src/bmi160.o
 .text.config_orient_int_settg
                0x0000000008003702      0x11e ./Core/Src/bmi160.o
 .text.enable_flat_int
                0x0000000008003820       0x6c ./Core/Src/bmi160.o
 .text.config_flat_int_settg
                0x000000000800388c       0xb8 ./Core/Src/bmi160.o
 .text.enable_low_g_int
                0x0000000008003944       0x72 ./Core/Src/bmi160.o
 .text.config_low_g_data_src
                0x00000000080039b6       0x6c ./Core/Src/bmi160.o
 *fill*         0x0000000008003a22        0x2 
 .text.config_low_g_int_settg
                0x0000000008003a24       0xb0 ./Core/Src/bmi160.o
 .text.enable_high_g_int
                0x0000000008003ad4       0xb6 ./Core/Src/bmi160.o
 .text.config_high_g_data_src
                0x0000000008003b8a       0x6c ./Core/Src/bmi160.o
 *fill*         0x0000000008003bf6        0x2 
 .text.config_high_g_int_settg
                0x0000000008003bf8       0x8c ./Core/Src/bmi160.o
 .text.config_int_out_ctrl
                0x0000000008003c84      0x18a ./Core/Src/bmi160.o
 .text.config_int_latch
                0x0000000008003e0e       0xc6 ./Core/Src/bmi160.o
 .text.set_fifo_full_int
                0x0000000008003ed4       0x62 ./Core/Src/bmi160.o
 .text.enable_fifo_full_int
                0x0000000008003f36       0x6c ./Core/Src/bmi160.o
 .text.set_fifo_watermark_int
                0x0000000008003fa2       0x62 ./Core/Src/bmi160.o
 .text.enable_fifo_wtm_int
                0x0000000008004004       0x6c ./Core/Src/bmi160.o
 .text.get_foc_status
                0x0000000008004070       0x40 ./Core/Src/bmi160.o
 .text.configure_offset_enable
                0x00000000080040b0       0x94 ./Core/Src/bmi160.o
 .text.trigger_foc
                0x0000000008004144       0xc0 ./Core/Src/bmi160.o
 .text.BMI160_init
                0x0000000008004204      0x180 ./Core/Src/bmi160_wrapper.o
                0x0000000008004204                BMI160_init
 .text.start_foc
                0x0000000008004384       0x64 ./Core/Src/bmi160_wrapper.o
                0x0000000008004384                start_foc
 .text.bmi160ReadAccelGyro
                0x00000000080043e8      0x108 ./Core/Src/bmi160_wrapper.o
                0x00000000080043e8                bmi160ReadAccelGyro
 .text.set_bmi160_Ares
                0x00000000080044f0       0x58 ./Core/Src/bmi160_wrapper.o
                0x00000000080044f0                set_bmi160_Ares
 .text.set_bmi160_Gres
                0x0000000008004548       0x64 ./Core/Src/bmi160_wrapper.o
                0x0000000008004548                set_bmi160_Gres
 .text.get_bmi160_Ares
                0x00000000080045ac       0x6c ./Core/Src/bmi160_wrapper.o
                0x00000000080045ac                get_bmi160_Ares
 .text.get_bmi160_Gres
                0x0000000008004618       0x88 ./Core/Src/bmi160_wrapper.o
                0x0000000008004618                get_bmi160_Gres
 .text.SensorAPI_I2Cx_Read
                0x00000000080046a0       0x44 ./Core/Src/common_porting.o
                0x00000000080046a0                SensorAPI_I2Cx_Read
 .text.SensorAPI_I2Cx_Write
                0x00000000080046e4       0x54 ./Core/Src/common_porting.o
                0x00000000080046e4                SensorAPI_I2Cx_Write
 .text.SELECT   0x0000000008004738       0x18 ./Core/Src/fatfs_sd.o
 .text.DESELECT
                0x0000000008004750       0x18 ./Core/Src/fatfs_sd.o
 .text.SPI_TxByte
                0x0000000008004768       0x34 ./Core/Src/fatfs_sd.o
 .text.SPI_RxByte
                0x000000000800479c       0x3c ./Core/Src/fatfs_sd.o
 .text.SPI_RxBytePtr
                0x00000000080047d8       0x1c ./Core/Src/fatfs_sd.o
 .text.SD_ReadyWait
                0x00000000080047f4       0x38 ./Core/Src/fatfs_sd.o
 .text.SD_PowerOn
                0x000000000800482c       0x98 ./Core/Src/fatfs_sd.o
 .text.SD_PowerOff
                0x00000000080048c4       0x18 ./Core/Src/fatfs_sd.o
 .text.SD_CheckPower
                0x00000000080048dc       0x18 ./Core/Src/fatfs_sd.o
 .text.SD_RxDataBlock
                0x00000000080048f4       0x6c ./Core/Src/fatfs_sd.o
 .text.SD_TxDataBlock
                0x0000000008004960       0xa8 ./Core/Src/fatfs_sd.o
 .text.SD_SendCmd
                0x0000000008004a08       0xa4 ./Core/Src/fatfs_sd.o
 .text.SD_disk_initialize
                0x0000000008004aac      0x1d4 ./Core/Src/fatfs_sd.o
                0x0000000008004aac                SD_disk_initialize
 .text.SD_disk_status
                0x0000000008004c80       0x2c ./Core/Src/fatfs_sd.o
                0x0000000008004c80                SD_disk_status
 .text.SD_disk_read
                0x0000000008004cac       0xd4 ./Core/Src/fatfs_sd.o
                0x0000000008004cac                SD_disk_read
 .text.SD_disk_write
                0x0000000008004d80      0x108 ./Core/Src/fatfs_sd.o
                0x0000000008004d80                SD_disk_write
 .text.SD_disk_ioctl
                0x0000000008004e88      0x264 ./Core/Src/fatfs_sd.o
                0x0000000008004e88                SD_disk_ioctl
 .text.MX_GPIO_Init
                0x00000000080050ec      0x1cc ./Core/Src/gpio.o
                0x00000000080050ec                MX_GPIO_Init
 .text.MX_I2C1_Init
                0x00000000080052b8       0x80 ./Core/Src/i2c.o
                0x00000000080052b8                MX_I2C1_Init
 .text.HAL_I2C_MspInit
                0x0000000008005338       0xc0 ./Core/Src/i2c.o
                0x0000000008005338                HAL_I2C_MspInit
 .text.filtr_raw_data
                0x00000000080053f8      0x130 ./Core/Src/main.o
                0x00000000080053f8                filtr_raw_data
 .text.calc_total_acc
                0x0000000008005528       0xcc ./Core/Src/main.o
                0x0000000008005528                calc_total_acc
 .text.calc_mean
                0x00000000080055f4       0x7c ./Core/Src/main.o
                0x00000000080055f4                calc_mean
 .text.filtr_total_acc
                0x0000000008005670       0x70 ./Core/Src/main.o
                0x0000000008005670                filtr_total_acc
 .text.find_no_move
                0x00000000080056e0       0xcc ./Core/Src/main.o
                0x00000000080056e0                find_no_move
 *fill*         0x00000000080057ac        0x4 
 .text.calc_orientation
                0x00000000080057b0      0x29c ./Core/Src/main.o
                0x00000000080057b0                calc_orientation
 .text.filtr_orientation_z
                0x0000000008005a4c       0x84 ./Core/Src/main.o
                0x0000000008005a4c                filtr_orientation_z
 .text.rotation_of_axis
                0x0000000008005ad0      0x464 ./Core/Src/main.o
                0x0000000008005ad0                rotation_of_axis
 .text.calc_velocity
                0x0000000008005f34      0x19c ./Core/Src/main.o
                0x0000000008005f34                calc_velocity
 .text.velocity_compensation
                0x00000000080060d0      0x144 ./Core/Src/main.o
                0x00000000080060d0                velocity_compensation
 .text.calc_position
                0x0000000008006214      0x178 ./Core/Src/main.o
                0x0000000008006214                calc_position
 *fill*         0x000000000800638c        0x4 
 .text.corection_in_flat_move
                0x0000000008006390      0x2fc ./Core/Src/main.o
                0x0000000008006390                corection_in_flat_move
 .text.print    0x000000000800668c      0x368 ./Core/Src/main.o
                0x000000000800668c                print
 .text.calculate
                0x00000000080069f4      0x550 ./Core/Src/main.o
                0x00000000080069f4                calculate
 .text.HAL_TIM_PeriodElapsedCallback
                0x0000000008006f44      0x10c ./Core/Src/main.o
                0x0000000008006f44                HAL_TIM_PeriodElapsedCallback
 .text.main     0x0000000008007050      0x1d4 ./Core/Src/main.o
                0x0000000008007050                main
 .text.SystemClock_Config
                0x0000000008007224       0xd0 ./Core/Src/main.o
                0x0000000008007224                SystemClock_Config
 .text.Error_Handler
                0x00000000080072f4        0xa ./Core/Src/main.o
                0x00000000080072f4                Error_Handler
 *fill*         0x00000000080072fe        0x2 
 .text.MX_SPI1_Init
                0x0000000008007300       0x7c ./Core/Src/spi.o
                0x0000000008007300                MX_SPI1_Init
 .text.HAL_SPI_MspInit
                0x000000000800737c       0xc4 ./Core/Src/spi.o
                0x000000000800737c                HAL_SPI_MspInit
 .text.HAL_MspInit
                0x0000000008007440       0x48 ./Core/Src/stm32f7xx_hal_msp.o
                0x0000000008007440                HAL_MspInit
 .text.SDTimer_Handler
                0x0000000008007488       0x48 ./Core/Src/stm32f7xx_it.o
                0x0000000008007488                SDTimer_Handler
 .text.NMI_Handler
                0x00000000080074d0        0x6 ./Core/Src/stm32f7xx_it.o
                0x00000000080074d0                NMI_Handler
 .text.HardFault_Handler
                0x00000000080074d6        0x6 ./Core/Src/stm32f7xx_it.o
                0x00000000080074d6                HardFault_Handler
 .text.MemManage_Handler
                0x00000000080074dc        0x6 ./Core/Src/stm32f7xx_it.o
                0x00000000080074dc                MemManage_Handler
 .text.BusFault_Handler
                0x00000000080074e2        0x6 ./Core/Src/stm32f7xx_it.o
                0x00000000080074e2                BusFault_Handler
 .text.UsageFault_Handler
                0x00000000080074e8        0x6 ./Core/Src/stm32f7xx_it.o
                0x00000000080074e8                UsageFault_Handler
 .text.SVC_Handler
                0x00000000080074ee        0xe ./Core/Src/stm32f7xx_it.o
                0x00000000080074ee                SVC_Handler
 .text.DebugMon_Handler
                0x00000000080074fc        0xe ./Core/Src/stm32f7xx_it.o
                0x00000000080074fc                DebugMon_Handler
 .text.PendSV_Handler
                0x000000000800750a        0xe ./Core/Src/stm32f7xx_it.o
                0x000000000800750a                PendSV_Handler
 .text.SysTick_Handler
                0x0000000008007518       0x34 ./Core/Src/stm32f7xx_it.o
                0x0000000008007518                SysTick_Handler
 .text.TIM1_BRK_TIM9_IRQHandler
                0x000000000800754c       0x14 ./Core/Src/stm32f7xx_it.o
                0x000000000800754c                TIM1_BRK_TIM9_IRQHandler
 .text.TIM1_UP_TIM10_IRQHandler
                0x0000000008007560       0x14 ./Core/Src/stm32f7xx_it.o
                0x0000000008007560                TIM1_UP_TIM10_IRQHandler
 .text.TIM1_TRG_COM_TIM11_IRQHandler
                0x0000000008007574       0x14 ./Core/Src/stm32f7xx_it.o
                0x0000000008007574                TIM1_TRG_COM_TIM11_IRQHandler
 .text.TIM1_CC_IRQHandler
                0x0000000008007588       0x14 ./Core/Src/stm32f7xx_it.o
                0x0000000008007588                TIM1_CC_IRQHandler
 .text._getpid  0x000000000800759c       0x10 ./Core/Src/syscalls.o
                0x000000000800759c                _getpid
 .text._kill    0x00000000080075ac       0x20 ./Core/Src/syscalls.o
                0x00000000080075ac                _kill
 .text._exit    0x00000000080075cc       0x14 ./Core/Src/syscalls.o
                0x00000000080075cc                _exit
 .text._read    0x00000000080075e0       0x3a ./Core/Src/syscalls.o
                0x00000000080075e0                _read
 .text._write   0x000000000800761a       0x38 ./Core/Src/syscalls.o
                0x000000000800761a                _write
 .text._close   0x0000000008007652       0x18 ./Core/Src/syscalls.o
                0x0000000008007652                _close
 .text._fstat   0x000000000800766a       0x20 ./Core/Src/syscalls.o
                0x000000000800766a                _fstat
 .text._isatty  0x000000000800768a       0x16 ./Core/Src/syscalls.o
                0x000000000800768a                _isatty
 .text._lseek   0x00000000080076a0       0x1a ./Core/Src/syscalls.o
                0x00000000080076a0                _lseek
 *fill*         0x00000000080076ba        0x2 
 .text._sbrk    0x00000000080076bc       0x6c ./Core/Src/sysmem.o
                0x00000000080076bc                _sbrk
 .text.SystemInit
                0x0000000008007728       0x24 ./Core/Src/system_stm32f7xx.o
                0x0000000008007728                SystemInit
 .text.MX_TIM1_Init
                0x000000000800774c       0xa8 ./Core/Src/tim.o
                0x000000000800774c                MX_TIM1_Init
 .text.HAL_TIM_Base_MspInit
                0x00000000080077f4       0x7c ./Core/Src/tim.o
                0x00000000080077f4                HAL_TIM_Base_MspInit
 .text.MX_USART3_UART_Init
                0x0000000008007870       0x60 ./Core/Src/usart.o
                0x0000000008007870                MX_USART3_UART_Init
 .text.HAL_UART_MspInit
                0x00000000080078d0       0xc0 ./Core/Src/usart.o
                0x00000000080078d0                HAL_UART_MspInit
 .text.MX_USB_OTG_FS_PCD_Init
                0x0000000008007990       0x5c ./Core/Src/usb_otg.o
                0x0000000008007990                MX_USB_OTG_FS_PCD_Init
 .text.HAL_PCD_MspInit
                0x00000000080079ec       0xf4 ./Core/Src/usb_otg.o
                0x00000000080079ec                HAL_PCD_MspInit
 .text.Reset_Handler
                0x0000000008007ae0       0x50 ./Core/Startup/startup_stm32f746zgtx.o
                0x0000000008007ae0                Reset_Handler
 .text.Default_Handler
                0x0000000008007b30        0x2 ./Core/Startup/startup_stm32f746zgtx.o
                0x0000000008007b30                RTC_Alarm_IRQHandler
                0x0000000008007b30                EXTI2_IRQHandler
                0x0000000008007b30                TIM8_CC_IRQHandler
                0x0000000008007b30                UART8_IRQHandler
                0x0000000008007b30                SPI4_IRQHandler
                0x0000000008007b30                DMA2_Stream5_IRQHandler
                0x0000000008007b30                DMA1_Stream5_IRQHandler
                0x0000000008007b30                PVD_IRQHandler
                0x0000000008007b30                TAMP_STAMP_IRQHandler
                0x0000000008007b30                CAN2_RX1_IRQHandler
                0x0000000008007b30                EXTI3_IRQHandler
                0x0000000008007b30                TIM8_TRG_COM_TIM14_IRQHandler
                0x0000000008007b30                TIM8_UP_TIM13_IRQHandler
                0x0000000008007b30                I2C3_ER_IRQHandler
                0x0000000008007b30                EXTI0_IRQHandler
                0x0000000008007b30                I2C2_EV_IRQHandler
                0x0000000008007b30                DMA1_Stream2_IRQHandler
                0x0000000008007b30                CAN1_RX0_IRQHandler
                0x0000000008007b30                FPU_IRQHandler
                0x0000000008007b30                OTG_HS_WKUP_IRQHandler
                0x0000000008007b30                LTDC_ER_IRQHandler
                0x0000000008007b30                CAN2_SCE_IRQHandler
                0x0000000008007b30                DMA2_Stream2_IRQHandler
                0x0000000008007b30                SPI1_IRQHandler
                0x0000000008007b30                TIM6_DAC_IRQHandler
                0x0000000008007b30                DCMI_IRQHandler
                0x0000000008007b30                CAN2_RX0_IRQHandler
                0x0000000008007b30                DMA2_Stream3_IRQHandler
                0x0000000008007b30                SAI2_IRQHandler
                0x0000000008007b30                USART6_IRQHandler
                0x0000000008007b30                USART3_IRQHandler
                0x0000000008007b30                CAN1_RX1_IRQHandler
                0x0000000008007b30                UART5_IRQHandler
                0x0000000008007b30                DMA2_Stream0_IRQHandler
                0x0000000008007b30                TIM4_IRQHandler
                0x0000000008007b30                QUADSPI_IRQHandler
                0x0000000008007b30                I2C1_EV_IRQHandler
                0x0000000008007b30                DMA1_Stream6_IRQHandler
                0x0000000008007b30                DMA1_Stream1_IRQHandler
                0x0000000008007b30                UART4_IRQHandler
                0x0000000008007b30                TIM3_IRQHandler
                0x0000000008007b30                RCC_IRQHandler
                0x0000000008007b30                TIM8_BRK_TIM12_IRQHandler
                0x0000000008007b30                Default_Handler
                0x0000000008007b30                CEC_IRQHandler
                0x0000000008007b30                EXTI15_10_IRQHandler
                0x0000000008007b30                ADC_IRQHandler
                0x0000000008007b30                DMA1_Stream7_IRQHandler
                0x0000000008007b30                SPI5_IRQHandler
                0x0000000008007b30                TIM7_IRQHandler
                0x0000000008007b30                SDMMC1_IRQHandler
                0x0000000008007b30                CAN2_TX_IRQHandler
                0x0000000008007b30                TIM5_IRQHandler
                0x0000000008007b30                DMA2_Stream7_IRQHandler
                0x0000000008007b30                I2C3_EV_IRQHandler
                0x0000000008007b30                EXTI9_5_IRQHandler
                0x0000000008007b30                RTC_WKUP_IRQHandler
                0x0000000008007b30                LTDC_IRQHandler
                0x0000000008007b30                ETH_WKUP_IRQHandler
                0x0000000008007b30                SPDIF_RX_IRQHandler
                0x0000000008007b30                SPI2_IRQHandler
                0x0000000008007b30                OTG_HS_EP1_IN_IRQHandler
                0x0000000008007b30                DMA1_Stream0_IRQHandler
                0x0000000008007b30                CAN1_TX_IRQHandler
                0x0000000008007b30                EXTI4_IRQHandler
                0x0000000008007b30                RNG_IRQHandler
                0x0000000008007b30                ETH_IRQHandler
                0x0000000008007b30                OTG_HS_EP1_OUT_IRQHandler
                0x0000000008007b30                WWDG_IRQHandler
                0x0000000008007b30                SPI6_IRQHandler
                0x0000000008007b30                I2C4_EV_IRQHandler
                0x0000000008007b30                TIM2_IRQHandler
                0x0000000008007b30                OTG_FS_WKUP_IRQHandler
                0x0000000008007b30                OTG_HS_IRQHandler
                0x0000000008007b30                DMA2D_IRQHandler
                0x0000000008007b30                EXTI1_IRQHandler
                0x0000000008007b30                UART7_IRQHandler
                0x0000000008007b30                USART2_IRQHandler
                0x0000000008007b30                I2C2_ER_IRQHandler
                0x0000000008007b30                DMA2_Stream1_IRQHandler
                0x0000000008007b30                CAN1_SCE_IRQHandler
                0x0000000008007b30                FLASH_IRQHandler
                0x0000000008007b30                DMA2_Stream4_IRQHandler
                0x0000000008007b30                USART1_IRQHandler
                0x0000000008007b30                OTG_FS_IRQHandler
                0x0000000008007b30                SPI3_IRQHandler
                0x0000000008007b30                DMA1_Stream4_IRQHandler
                0x0000000008007b30                I2C1_ER_IRQHandler
                0x0000000008007b30                FMC_IRQHandler
                0x0000000008007b30                LPTIM1_IRQHandler
                0x0000000008007b30                I2C4_ER_IRQHandler
                0x0000000008007b30                DMA2_Stream6_IRQHandler
                0x0000000008007b30                SAI1_IRQHandler
                0x0000000008007b30                DMA1_Stream3_IRQHandler
 .text.HAL_Init
                0x0000000008007b32       0x1a ./Drivers/STM32F7xx_HAL_Driver/Src/stm32f7xx_hal.o
                0x0000000008007b32                HAL_Init
 .text.HAL_InitTick
                0x0000000008007b4c       0x60 ./Drivers/STM32F7xx_HAL_Driver/Src/stm32f7xx_hal.o
                0x0000000008007b4c                HAL_InitTick
 .text.HAL_IncTick
                0x0000000008007bac       0x28 ./Drivers/STM32F7xx_HAL_Driver/Src/stm32f7xx_hal.o
                0x0000000008007bac                HAL_IncTick
 .text.HAL_GetTick
                0x0000000008007bd4       0x18 ./Drivers/STM32F7xx_HAL_Driver/Src/stm32f7xx_hal.o
                0x0000000008007bd4                HAL_GetTick
 .text.HAL_Delay
                0x0000000008007bec       0x48 ./Drivers/STM32F7xx_HAL_Driver/Src/stm32f7xx_hal.o
                0x0000000008007bec                HAL_Delay
 .text.__NVIC_SetPriorityGrouping
                0x0000000008007c34       0x48 ./Drivers/STM32F7xx_HAL_Driver/Src/stm32f7xx_hal_cortex.o
 .text.__NVIC_GetPriorityGrouping
                0x0000000008007c7c       0x1c ./Drivers/STM32F7xx_HAL_Driver/Src/stm32f7xx_hal_cortex.o
 .text.__NVIC_EnableIRQ
                0x0000000008007c98       0x3c ./Drivers/STM32F7xx_HAL_Driver/Src/stm32f7xx_hal_cortex.o
 .text.__NVIC_SetPriority
                0x0000000008007cd4       0x54 ./Drivers/STM32F7xx_HAL_Driver/Src/stm32f7xx_hal_cortex.o
 .text.NVIC_EncodePriority
                0x0000000008007d28       0x66 ./Drivers/STM32F7xx_HAL_Driver/Src/stm32f7xx_hal_cortex.o
 *fill*         0x0000000008007d8e        0x2 
 .text.SysTick_Config
                0x0000000008007d90       0x44 ./Drivers/STM32F7xx_HAL_Driver/Src/stm32f7xx_hal_cortex.o
 .text.HAL_NVIC_SetPriorityGrouping
                0x0000000008007dd4       0x16 ./Drivers/STM32F7xx_HAL_Driver/Src/stm32f7xx_hal_cortex.o
                0x0000000008007dd4                HAL_NVIC_SetPriorityGrouping
 .text.HAL_NVIC_SetPriority
                0x0000000008007dea       0x38 ./Drivers/STM32F7xx_HAL_Driver/Src/stm32f7xx_hal_cortex.o
                0x0000000008007dea                HAL_NVIC_SetPriority
 .text.HAL_NVIC_EnableIRQ
                0x0000000008007e22       0x1c ./Drivers/STM32F7xx_HAL_Driver/Src/stm32f7xx_hal_cortex.o
                0x0000000008007e22                HAL_NVIC_EnableIRQ
 .text.HAL_SYSTICK_Config
                0x0000000008007e3e       0x18 ./Drivers/STM32F7xx_HAL_Driver/Src/stm32f7xx_hal_cortex.o
                0x0000000008007e3e                HAL_SYSTICK_Config
 *fill*         0x0000000008007e56        0x2 
 .text.HAL_GPIO_Init
                0x0000000008007e58      0x358 ./Drivers/STM32F7xx_HAL_Driver/Src/stm32f7xx_hal_gpio.o
                0x0000000008007e58                HAL_GPIO_Init
 .text.HAL_GPIO_ReadPin
                0x00000000080081b0       0x30 ./Drivers/STM32F7xx_HAL_Driver/Src/stm32f7xx_hal_gpio.o
                0x00000000080081b0                HAL_GPIO_ReadPin
 .text.HAL_GPIO_WritePin
                0x00000000080081e0       0x32 ./Drivers/STM32F7xx_HAL_Driver/Src/stm32f7xx_hal_gpio.o
                0x00000000080081e0                HAL_GPIO_WritePin
 .text.HAL_GPIO_TogglePin
                0x0000000008008212       0x34 ./Drivers/STM32F7xx_HAL_Driver/Src/stm32f7xx_hal_gpio.o
                0x0000000008008212                HAL_GPIO_TogglePin
 *fill*         0x0000000008008246        0x2 
 .text.HAL_I2C_Init
                0x0000000008008248      0x120 ./Drivers/STM32F7xx_HAL_Driver/Src/stm32f7xx_hal_i2c.o
                0x0000000008008248                HAL_I2C_Init
 .text.HAL_I2C_Master_Transmit
                0x0000000008008368      0x1e8 ./Drivers/STM32F7xx_HAL_Driver/Src/stm32f7xx_hal_i2c.o
                0x0000000008008368                HAL_I2C_Master_Transmit
 .text.HAL_I2C_Master_Receive
                0x0000000008008550      0x1ec ./Drivers/STM32F7xx_HAL_Driver/Src/stm32f7xx_hal_i2c.o
                0x0000000008008550                HAL_I2C_Master_Receive
 .text.I2C_Flush_TXDR
                0x000000000800873c       0x48 ./Drivers/STM32F7xx_HAL_Driver/Src/stm32f7xx_hal_i2c.o
 .text.I2C_WaitOnFlagUntilTimeout
                0x0000000008008784       0x80 ./Drivers/STM32F7xx_HAL_Driver/Src/stm32f7xx_hal_i2c.o
 .text.I2C_WaitOnTXISFlagUntilTimeout
                0x0000000008008804       0x80 ./Drivers/STM32F7xx_HAL_Driver/Src/stm32f7xx_hal_i2c.o
 .text.I2C_WaitOnSTOPFlagUntilTimeout
                0x0000000008008884       0x78 ./Drivers/STM32F7xx_HAL_Driver/Src/stm32f7xx_hal_i2c.o
 .text.I2C_WaitOnRXNEFlagUntilTimeout
                0x00000000080088fc       0xf4 ./Drivers/STM32F7xx_HAL_Driver/Src/stm32f7xx_hal_i2c.o
 .text.I2C_IsErrorOccurred
                0x00000000080089f0      0x1c0 ./Drivers/STM32F7xx_HAL_Driver/Src/stm32f7xx_hal_i2c.o
 .text.I2C_TransferConfig
                0x0000000008008bb0       0x64 ./Drivers/STM32F7xx_HAL_Driver/Src/stm32f7xx_hal_i2c.o
 .text.HAL_I2CEx_ConfigAnalogFilter
                0x0000000008008c14       0x96 ./Drivers/STM32F7xx_HAL_Driver/Src/stm32f7xx_hal_i2c_ex.o
                0x0000000008008c14                HAL_I2CEx_ConfigAnalogFilter
 .text.HAL_I2CEx_ConfigDigitalFilter
                0x0000000008008caa       0x98 ./Drivers/STM32F7xx_HAL_Driver/Src/stm32f7xx_hal_i2c_ex.o
                0x0000000008008caa                HAL_I2CEx_ConfigDigitalFilter
 .text.HAL_PCD_Init
                0x0000000008008d42      0x248 ./Drivers/STM32F7xx_HAL_Driver/Src/stm32f7xx_hal_pcd.o
                0x0000000008008d42                HAL_PCD_Init
 *fill*         0x0000000008008f8a        0x2 
 .text.HAL_PCDEx_ActivateLPM
                0x0000000008008f8c       0x48 ./Drivers/STM32F7xx_HAL_Driver/Src/stm32f7xx_hal_pcd_ex.o
                0x0000000008008f8c                HAL_PCDEx_ActivateLPM
 .text.HAL_PWR_EnableBkUpAccess
                0x0000000008008fd4       0x20 ./Drivers/STM32F7xx_HAL_Driver/Src/stm32f7xx_hal_pwr.o
                0x0000000008008fd4                HAL_PWR_EnableBkUpAccess
 .text.HAL_RCC_OscConfig
                0x0000000008008ff4      0x548 ./Drivers/STM32F7xx_HAL_Driver/Src/stm32f7xx_hal_rcc.o
                0x0000000008008ff4                HAL_RCC_OscConfig
 .text.HAL_RCC_ClockConfig
                0x000000000800953c      0x1d8 ./Drivers/STM32F7xx_HAL_Driver/Src/stm32f7xx_hal_rcc.o
                0x000000000800953c                HAL_RCC_ClockConfig
 .text.HAL_RCC_GetSysClockFreq
                0x0000000008009714      0x20c ./Drivers/STM32F7xx_HAL_Driver/Src/stm32f7xx_hal_rcc.o
                0x0000000008009714                HAL_RCC_GetSysClockFreq
 .text.HAL_RCC_GetHCLKFreq
                0x0000000008009920       0x18 ./Drivers/STM32F7xx_HAL_Driver/Src/stm32f7xx_hal_rcc.o
                0x0000000008009920                HAL_RCC_GetHCLKFreq
 .text.HAL_RCC_GetPCLK1Freq
                0x0000000008009938       0x28 ./Drivers/STM32F7xx_HAL_Driver/Src/stm32f7xx_hal_rcc.o
                0x0000000008009938                HAL_RCC_GetPCLK1Freq
 .text.HAL_RCC_GetPCLK2Freq
                0x0000000008009960       0x28 ./Drivers/STM32F7xx_HAL_Driver/Src/stm32f7xx_hal_rcc.o
                0x0000000008009960                HAL_RCC_GetPCLK2Freq
 .text.HAL_RCCEx_PeriphCLKConfig
                0x0000000008009988      0x7e0 ./Drivers/STM32F7xx_HAL_Driver/Src/stm32f7xx_hal_rcc_ex.o
                0x0000000008009988                HAL_RCCEx_PeriphCLKConfig
 .text.HAL_SPI_Init
                0x000000000800a168      0x156 ./Drivers/STM32F7xx_HAL_Driver/Src/stm32f7xx_hal_spi.o
                0x000000000800a168                HAL_SPI_Init
 .text.HAL_SPI_Transmit
                0x000000000800a2be      0x2dc ./Drivers/STM32F7xx_HAL_Driver/Src/stm32f7xx_hal_spi.o
                0x000000000800a2be                HAL_SPI_Transmit
 .text.HAL_SPI_TransmitReceive
                0x000000000800a59a      0x426 ./Drivers/STM32F7xx_HAL_Driver/Src/stm32f7xx_hal_spi.o
                0x000000000800a59a                HAL_SPI_TransmitReceive
 .text.HAL_SPI_GetState
                0x000000000800a9c0       0x1c ./Drivers/STM32F7xx_HAL_Driver/Src/stm32f7xx_hal_spi.o
                0x000000000800a9c0                HAL_SPI_GetState
 .text.SPI_WaitFlagStateUntilTimeout
                0x000000000800a9dc      0x110 ./Drivers/STM32F7xx_HAL_Driver/Src/stm32f7xx_hal_spi.o
 .text.SPI_WaitFifoStateUntilTimeout
                0x000000000800aaec      0x12c ./Drivers/STM32F7xx_HAL_Driver/Src/stm32f7xx_hal_spi.o
 .text.SPI_EndRxTxTransaction
                0x000000000800ac18       0xd4 ./Drivers/STM32F7xx_HAL_Driver/Src/stm32f7xx_hal_spi.o
 .text.HAL_TIM_Base_Init
                0x000000000800acec       0xae ./Drivers/STM32F7xx_HAL_Driver/Src/stm32f7xx_hal_tim.o
                0x000000000800acec                HAL_TIM_Base_Init
 *fill*         0x000000000800ad9a        0x2 
 .text.HAL_TIM_Base_Start_IT
                0x000000000800ad9c       0xf0 ./Drivers/STM32F7xx_HAL_Driver/Src/stm32f7xx_hal_tim.o
                0x000000000800ad9c                HAL_TIM_Base_Start_IT
 .text.HAL_TIM_Base_Stop_IT
                0x000000000800ae8c       0x5e ./Drivers/STM32F7xx_HAL_Driver/Src/stm32f7xx_hal_tim.o
                0x000000000800ae8c                HAL_TIM_Base_Stop_IT
 .text.HAL_TIM_IRQHandler
                0x000000000800aeea      0x23e ./Drivers/STM32F7xx_HAL_Driver/Src/stm32f7xx_hal_tim.o
                0x000000000800aeea                HAL_TIM_IRQHandler
 .text.HAL_TIM_ConfigClockSource
                0x000000000800b128      0x194 ./Drivers/STM32F7xx_HAL_Driver/Src/stm32f7xx_hal_tim.o
                0x000000000800b128                HAL_TIM_ConfigClockSource
 .text.HAL_TIM_OC_DelayElapsedCallback
                0x000000000800b2bc       0x14 ./Drivers/STM32F7xx_HAL_Driver/Src/stm32f7xx_hal_tim.o
                0x000000000800b2bc                HAL_TIM_OC_DelayElapsedCallback
 .text.HAL_TIM_IC_CaptureCallback
                0x000000000800b2d0       0x14 ./Drivers/STM32F7xx_HAL_Driver/Src/stm32f7xx_hal_tim.o
                0x000000000800b2d0                HAL_TIM_IC_CaptureCallback
 .text.HAL_TIM_PWM_PulseFinishedCallback
                0x000000000800b2e4       0x14 ./Drivers/STM32F7xx_HAL_Driver/Src/stm32f7xx_hal_tim.o
                0x000000000800b2e4                HAL_TIM_PWM_PulseFinishedCallback
 .text.HAL_TIM_TriggerCallback
                0x000000000800b2f8       0x14 ./Drivers/STM32F7xx_HAL_Driver/Src/stm32f7xx_hal_tim.o
                0x000000000800b2f8                HAL_TIM_TriggerCallback
 .text.TIM_Base_SetConfig
                0x000000000800b30c      0x140 ./Drivers/STM32F7xx_HAL_Driver/Src/stm32f7xx_hal_tim.o
                0x000000000800b30c                TIM_Base_SetConfig
 .text.TIM_TI1_ConfigInputStage
                0x000000000800b44c       0x5e ./Drivers/STM32F7xx_HAL_Driver/Src/stm32f7xx_hal_tim.o
 .text.TIM_TI2_ConfigInputStage
                0x000000000800b4aa       0x60 ./Drivers/STM32F7xx_HAL_Driver/Src/stm32f7xx_hal_tim.o
 .text.TIM_ITRx_SetConfig
                0x000000000800b50a       0x36 ./Drivers/STM32F7xx_HAL_Driver/Src/stm32f7xx_hal_tim.o
 .text.TIM_ETR_SetConfig
                0x000000000800b540       0x40 ./Drivers/STM32F7xx_HAL_Driver/Src/stm32f7xx_hal_tim.o
                0x000000000800b540                TIM_ETR_SetConfig
 .text.HAL_TIMEx_MasterConfigSynchronization
                0x000000000800b580      0x11c ./Drivers/STM32F7xx_HAL_Driver/Src/stm32f7xx_hal_tim_ex.o
                0x000000000800b580                HAL_TIMEx_MasterConfigSynchronization
 .text.HAL_TIMEx_CommutCallback
                0x000000000800b69c       0x14 ./Drivers/STM32F7xx_HAL_Driver/Src/stm32f7xx_hal_tim_ex.o
                0x000000000800b69c                HAL_TIMEx_CommutCallback
 .text.HAL_TIMEx_BreakCallback
                0x000000000800b6b0       0x14 ./Drivers/STM32F7xx_HAL_Driver/Src/stm32f7xx_hal_tim_ex.o
                0x000000000800b6b0                HAL_TIMEx_BreakCallback
 .text.HAL_TIMEx_Break2Callback
                0x000000000800b6c4       0x14 ./Drivers/STM32F7xx_HAL_Driver/Src/stm32f7xx_hal_tim_ex.o
                0x000000000800b6c4                HAL_TIMEx_Break2Callback
 .text.HAL_UART_Init
                0x000000000800b6d8       0x9c ./Drivers/STM32F7xx_HAL_Driver/Src/stm32f7xx_hal_uart.o
                0x000000000800b6d8                HAL_UART_Init
 .text.UART_SetConfig
                0x000000000800b774      0x4c8 ./Drivers/STM32F7xx_HAL_Driver/Src/stm32f7xx_hal_uart.o
                0x000000000800b774                UART_SetConfig
 .text.UART_AdvFeatureConfig
                0x000000000800bc3c      0x144 ./Drivers/STM32F7xx_HAL_Driver/Src/stm32f7xx_hal_uart.o
                0x000000000800bc3c                UART_AdvFeatureConfig
 .text.UART_CheckIdleState
                0x000000000800bd80       0x6e ./Drivers/STM32F7xx_HAL_Driver/Src/stm32f7xx_hal_uart.o
                0x000000000800bd80                UART_CheckIdleState
 .text.UART_WaitOnFlagUntilTimeout
                0x000000000800bdee      0x18c ./Drivers/STM32F7xx_HAL_Driver/Src/stm32f7xx_hal_uart.o
                0x000000000800bdee                UART_WaitOnFlagUntilTimeout
 *fill*         0x000000000800bf7a        0x2 
 .text.USB_CoreInit
                0x000000000800bf7c       0xb0 ./Drivers/STM32F7xx_HAL_Driver/Src/stm32f7xx_ll_usb.o
                0x000000000800bf7c                USB_CoreInit
 .text.USB_DisableGlobalInt
                0x000000000800c02c       0x22 ./Drivers/STM32F7xx_HAL_Driver/Src/stm32f7xx_ll_usb.o
                0x000000000800c02c                USB_DisableGlobalInt
 .text.USB_SetCurrentMode
                0x000000000800c04e       0x98 ./Drivers/STM32F7xx_HAL_Driver/Src/stm32f7xx_ll_usb.o
                0x000000000800c04e                USB_SetCurrentMode
 *fill*         0x000000000800c0e6        0x2 
 .text.USB_DevInit
                0x000000000800c0e8      0x2bc ./Drivers/STM32F7xx_HAL_Driver/Src/stm32f7xx_ll_usb.o
                0x000000000800c0e8                USB_DevInit
 .text.USB_FlushTxFifo
                0x000000000800c3a4       0x68 ./Drivers/STM32F7xx_HAL_Driver/Src/stm32f7xx_ll_usb.o
                0x000000000800c3a4                USB_FlushTxFifo
 .text.USB_FlushRxFifo
                0x000000000800c40c       0x60 ./Drivers/STM32F7xx_HAL_Driver/Src/stm32f7xx_ll_usb.o
                0x000000000800c40c                USB_FlushRxFifo
 .text.USB_SetDevSpeed
                0x000000000800c46c       0x32 ./Drivers/STM32F7xx_HAL_Driver/Src/stm32f7xx_ll_usb.o
                0x000000000800c46c                USB_SetDevSpeed
 .text.USB_DevDisconnect
                0x000000000800c49e       0x42 ./Drivers/STM32F7xx_HAL_Driver/Src/stm32f7xx_ll_usb.o
                0x000000000800c49e                USB_DevDisconnect
 .text.USB_GetMode
                0x000000000800c4e0       0x1c ./Drivers/STM32F7xx_HAL_Driver/Src/stm32f7xx_ll_usb.o
                0x000000000800c4e0                USB_GetMode
 .text.USB_CoreReset
                0x000000000800c4fc       0x68 ./Drivers/STM32F7xx_HAL_Driver/Src/stm32f7xx_ll_usb.o
 .text.MX_FATFS_Init
                0x000000000800c564       0x24 ./FATFS/App/fatfs.o
                0x000000000800c564                MX_FATFS_Init
 .text.get_fattime
                0x000000000800c588       0x10 ./FATFS/App/fatfs.o
                0x000000000800c588                get_fattime
 .text.USER_initialize
                0x000000000800c598       0x1e ./FATFS/Target/user_diskio.o
                0x000000000800c598                USER_initialize
 .text.USER_status
                0x000000000800c5b6       0x1e ./FATFS/Target/user_diskio.o
                0x000000000800c5b6                USER_status
 .text.USER_read
                0x000000000800c5d4       0x28 ./FATFS/Target/user_diskio.o
                0x000000000800c5d4                USER_read
 .text.USER_write
                0x000000000800c5fc       0x28 ./FATFS/Target/user_diskio.o
                0x000000000800c5fc                USER_write
 .text.USER_ioctl
                0x000000000800c624       0x28 ./FATFS/Target/user_diskio.o
                0x000000000800c624                USER_ioctl
 .text.disk_status
                0x000000000800c64c       0x34 ./Middlewares/Third_Party/FatFs/src/diskio.o
                0x000000000800c64c                disk_status
 .text.disk_initialize
                0x000000000800c680       0x4c ./Middlewares/Third_Party/FatFs/src/diskio.o
                0x000000000800c680                disk_initialize
 .text.disk_read
                0x000000000800c6cc       0x40 ./Middlewares/Third_Party/FatFs/src/diskio.o
                0x000000000800c6cc                disk_read
 .text.disk_write
                0x000000000800c70c       0x40 ./Middlewares/Third_Party/FatFs/src/diskio.o
                0x000000000800c70c                disk_write
 .text.disk_ioctl
                0x000000000800c74c       0x3c ./Middlewares/Third_Party/FatFs/src/diskio.o
                0x000000000800c74c                disk_ioctl
 .text.ld_word  0x000000000800c788       0x30 ./Middlewares/Third_Party/FatFs/src/ff.o
 .text.ld_dword
                0x000000000800c7b8       0x46 ./Middlewares/Third_Party/FatFs/src/ff.o
 .text.st_word  0x000000000800c7fe       0x36 ./Middlewares/Third_Party/FatFs/src/ff.o
 .text.st_dword
                0x000000000800c834       0x58 ./Middlewares/Third_Party/FatFs/src/ff.o
 .text.mem_cpy  0x000000000800c88c       0x42 ./Middlewares/Third_Party/FatFs/src/ff.o
 .text.mem_set  0x000000000800c8ce       0x36 ./Middlewares/Third_Party/FatFs/src/ff.o
 .text.mem_cmp  0x000000000800c904       0x4e ./Middlewares/Third_Party/FatFs/src/ff.o
 .text.chk_chr  0x000000000800c952       0x36 ./Middlewares/Third_Party/FatFs/src/ff.o
 .text.chk_lock
                0x000000000800c988       0xb8 ./Middlewares/Third_Party/FatFs/src/ff.o
 .text.enq_lock
                0x000000000800ca40       0x44 ./Middlewares/Third_Party/FatFs/src/ff.o
 .text.inc_lock
                0x000000000800ca84      0x11c ./Middlewares/Third_Party/FatFs/src/ff.o
 .text.dec_lock
                0x000000000800cba0       0x78 ./Middlewares/Third_Party/FatFs/src/ff.o
 .text.clear_lock
                0x000000000800cc18       0x48 ./Middlewares/Third_Party/FatFs/src/ff.o
 .text.sync_window
                0x000000000800cc60       0x88 ./Middlewares/Third_Party/FatFs/src/ff.o
 .text.move_window
                0x000000000800cce8       0x5a ./Middlewares/Third_Party/FatFs/src/ff.o
 *fill*         0x000000000800cd42        0x2 
 .text.sync_fs  0x000000000800cd44       0xe0 ./Middlewares/Third_Party/FatFs/src/ff.o
 .text.clust2sect
                0x000000000800ce24       0x3e ./Middlewares/Third_Party/FatFs/src/ff.o
 .text.get_fat  0x000000000800ce62      0x1a8 ./Middlewares/Third_Party/FatFs/src/ff.o
 .text.put_fat  0x000000000800d00a      0x234 ./Middlewares/Third_Party/FatFs/src/ff.o
 .text.remove_chain
                0x000000000800d23e       0xca ./Middlewares/Third_Party/FatFs/src/ff.o
 .text.create_chain
                0x000000000800d308      0x130 ./Middlewares/Third_Party/FatFs/src/ff.o
 .text.clmt_clust
                0x000000000800d438       0x70 ./Middlewares/Third_Party/FatFs/src/ff.o
 .text.dir_sdi  0x000000000800d4a8      0x112 ./Middlewares/Third_Party/FatFs/src/ff.o
 .text.dir_next
                0x000000000800d5ba      0x1ac ./Middlewares/Third_Party/FatFs/src/ff.o
 .text.dir_alloc
                0x000000000800d766       0x8e ./Middlewares/Third_Party/FatFs/src/ff.o
 .text.ld_clust
                0x000000000800d7f4       0x3e ./Middlewares/Third_Party/FatFs/src/ff.o
 .text.st_clust
                0x000000000800d832       0x40 ./Middlewares/Third_Party/FatFs/src/ff.o
 *fill*         0x000000000800d872        0x2 
 .text.cmp_lfn  0x000000000800d874       0xe0 ./Middlewares/Third_Party/FatFs/src/ff.o
 .text.put_lfn  0x000000000800d954       0xd0 ./Middlewares/Third_Party/FatFs/src/ff.o
 .text.gen_numname
                0x000000000800da24      0x11c ./Middlewares/Third_Party/FatFs/src/ff.o
 .text.sum_sfn  0x000000000800db40       0x42 ./Middlewares/Third_Party/FatFs/src/ff.o
 .text.dir_find
                0x000000000800db82      0x180 ./Middlewares/Third_Party/FatFs/src/ff.o
 *fill*         0x000000000800dd02        0x2 
 .text.dir_register
                0x000000000800dd04      0x1f0 ./Middlewares/Third_Party/FatFs/src/ff.o
 .text.create_name
                0x000000000800def4      0x370 ./Middlewares/Third_Party/FatFs/src/ff.o
 .text.follow_path
                0x000000000800e264       0xec ./Middlewares/Third_Party/FatFs/src/ff.o
 .text.get_ldnumber
                0x000000000800e350       0x88 ./Middlewares/Third_Party/FatFs/src/ff.o
 .text.check_fs
                0x000000000800e3d8       0xac ./Middlewares/Third_Party/FatFs/src/ff.o
 .text.find_volume
                0x000000000800e484      0x50c ./Middlewares/Third_Party/FatFs/src/ff.o
 .text.validate
                0x000000000800e990       0x6a ./Middlewares/Third_Party/FatFs/src/ff.o
 *fill*         0x000000000800e9fa        0x2 
 .text.f_mount  0x000000000800e9fc       0x8c ./Middlewares/Third_Party/FatFs/src/ff.o
                0x000000000800e9fc                f_mount
 .text.f_open   0x000000000800ea88      0x398 ./Middlewares/Third_Party/FatFs/src/ff.o
                0x000000000800ea88                f_open
 .text.f_write  0x000000000800ee20      0x328 ./Middlewares/Third_Party/FatFs/src/ff.o
                0x000000000800ee20                f_write
 .text.f_sync   0x000000000800f148       0xfc ./Middlewares/Third_Party/FatFs/src/ff.o
                0x000000000800f148                f_sync
 .text.f_close  0x000000000800f244       0x54 ./Middlewares/Third_Party/FatFs/src/ff.o
                0x000000000800f244                f_close
 .text.f_lseek  0x000000000800f298      0x448 ./Middlewares/Third_Party/FatFs/src/ff.o
                0x000000000800f298                f_lseek
 .text.FATFS_LinkDriverEx
                0x000000000800f6e0       0x98 ./Middlewares/Third_Party/FatFs/src/ff_gen_drv.o
                0x000000000800f6e0                FATFS_LinkDriverEx
 .text.FATFS_LinkDriver
                0x000000000800f778       0x1e ./Middlewares/Third_Party/FatFs/src/ff_gen_drv.o
                0x000000000800f778                FATFS_LinkDriver
 *fill*         0x000000000800f796        0x2 
 .text.ff_convert
                0x000000000800f798       0x78 ./Middlewares/Third_Party/FatFs/src/option/ccsbcs.o
                0x000000000800f798                ff_convert
 .text.ff_wtoupper
                0x000000000800f810      0x114 ./Middlewares/Third_Party/FatFs/src/option/ccsbcs.o
                0x000000000800f810                ff_wtoupper
 .text.arm_biquad_cascade_df1_init_f32
                0x000000000800f924       0x1c D:\Kacper\Documents\STM32CubeIDE\workspace_1.13.2\IMU\libs\libarm_cortexM7lfsp_math.a(arm_biquad_cascade_df1_init_f32.o)
                0x000000000800f924                arm_biquad_cascade_df1_init_f32
 .text.arm_biquad_cascade_df1_f32
                0x000000000800f940      0x1f4 D:\Kacper\Documents\STM32CubeIDE\workspace_1.13.2\IMU\libs\libarm_cortexM7lfsp_math.a(arm_biquad_cascade_df1_f32.o)
                0x000000000800f940                arm_biquad_cascade_df1_f32
 .text.__cvt    0x000000000800fb34       0xc4 C:/ST/STM32CubeIDE_1.13.2/STM32CubeIDE/plugins/com.st.stm32cube.ide.mcu.externaltools.gnu-tools-for-stm32.11.3.rel1.win32_1.1.1.202309131626/tools/bin/../lib/gcc/arm-none-eabi/11.3.1/../../../../arm-none-eabi/lib/thumb/v7e-m+fp/hard\libc_nano.a(libc_a-nano-vfprintf_float.o)
                0x000000000800fb34                __cvt
 .text.__exponent
                0x000000000800fbf8       0x7c C:/ST/STM32CubeIDE_1.13.2/STM32CubeIDE/plugins/com.st.stm32cube.ide.mcu.externaltools.gnu-tools-for-stm32.11.3.rel1.win32_1.1.1.202309131626/tools/bin/../lib/gcc/arm-none-eabi/11.3.1/../../../../arm-none-eabi/lib/thumb/v7e-m+fp/hard\libc_nano.a(libc_a-nano-vfprintf_float.o)
                0x000000000800fbf8                __exponent
 .text._printf_float
                0x000000000800fc74      0x46c C:/ST/STM32CubeIDE_1.13.2/STM32CubeIDE/plugins/com.st.stm32cube.ide.mcu.externaltools.gnu-tools-for-stm32.11.3.rel1.win32_1.1.1.202309131626/tools/bin/../lib/gcc/arm-none-eabi/11.3.1/../../../../arm-none-eabi/lib/thumb/v7e-m+fp/hard\libc_nano.a(libc_a-nano-vfprintf_float.o)
                0x000000000800fc74                _printf_float
 .text._printf_common
                0x00000000080100e0       0xda C:/ST/STM32CubeIDE_1.13.2/STM32CubeIDE/plugins/com.st.stm32cube.ide.mcu.externaltools.gnu-tools-for-stm32.11.3.rel1.win32_1.1.1.202309131626/tools/bin/../lib/gcc/arm-none-eabi/11.3.1/../../../../arm-none-eabi/lib/thumb/v7e-m+fp/hard\libc_nano.a(libc_a-nano-vfprintf_i.o)
                0x00000000080100e0                _printf_common
 *fill*         0x00000000080101ba        0x2 
 .text._printf_i
                0x00000000080101bc      0x244 C:/ST/STM32CubeIDE_1.13.2/STM32CubeIDE/plugins/com.st.stm32cube.ide.mcu.externaltools.gnu-tools-for-stm32.11.3.rel1.win32_1.1.1.202309131626/tools/bin/../lib/gcc/arm-none-eabi/11.3.1/../../../../arm-none-eabi/lib/thumb/v7e-m+fp/hard\libc_nano.a(libc_a-nano-vfprintf_i.o)
                0x00000000080101bc                _printf_i
 .text.std      0x0000000008010400       0x6c C:/ST/STM32CubeIDE_1.13.2/STM32CubeIDE/plugins/com.st.stm32cube.ide.mcu.externaltools.gnu-tools-for-stm32.11.3.rel1.win32_1.1.1.202309131626/tools/bin/../lib/gcc/arm-none-eabi/11.3.1/../../../../arm-none-eabi/lib/thumb/v7e-m+fp/hard\libc_nano.a(libc_a-findfp.o)
 .text.stdio_exit_handler
                0x000000000801046c       0x18 C:/ST/STM32CubeIDE_1.13.2/STM32CubeIDE/plugins/com.st.stm32cube.ide.mcu.externaltools.gnu-tools-for-stm32.11.3.rel1.win32_1.1.1.202309131626/tools/bin/../lib/gcc/arm-none-eabi/11.3.1/../../../../arm-none-eabi/lib/thumb/v7e-m+fp/hard\libc_nano.a(libc_a-findfp.o)
 .text.cleanup_stdio
                0x0000000008010484       0x40 C:/ST/STM32CubeIDE_1.13.2/STM32CubeIDE/plugins/com.st.stm32cube.ide.mcu.externaltools.gnu-tools-for-stm32.11.3.rel1.win32_1.1.1.202309131626/tools/bin/../lib/gcc/arm-none-eabi/11.3.1/../../../../arm-none-eabi/lib/thumb/v7e-m+fp/hard\libc_nano.a(libc_a-findfp.o)
 .text.global_stdio_init.part.0
                0x00000000080104c4       0x3c C:/ST/STM32CubeIDE_1.13.2/STM32CubeIDE/plugins/com.st.stm32cube.ide.mcu.externaltools.gnu-tools-for-stm32.11.3.rel1.win32_1.1.1.202309131626/tools/bin/../lib/gcc/arm-none-eabi/11.3.1/../../../../arm-none-eabi/lib/thumb/v7e-m+fp/hard\libc_nano.a(libc_a-findfp.o)
 .text.__sfp_lock_acquire
                0x0000000008010500        0xc C:/ST/STM32CubeIDE_1.13.2/STM32CubeIDE/plugins/com.st.stm32cube.ide.mcu.externaltools.gnu-tools-for-stm32.11.3.rel1.win32_1.1.1.202309131626/tools/bin/../lib/gcc/arm-none-eabi/11.3.1/../../../../arm-none-eabi/lib/thumb/v7e-m+fp/hard\libc_nano.a(libc_a-findfp.o)
                0x0000000008010500                __sfp_lock_acquire
 .text.__sfp_lock_release
                0x000000000801050c        0xc C:/ST/STM32CubeIDE_1.13.2/STM32CubeIDE/plugins/com.st.stm32cube.ide.mcu.externaltools.gnu-tools-for-stm32.11.3.rel1.win32_1.1.1.202309131626/tools/bin/../lib/gcc/arm-none-eabi/11.3.1/../../../../arm-none-eabi/lib/thumb/v7e-m+fp/hard\libc_nano.a(libc_a-findfp.o)
                0x000000000801050c                __sfp_lock_release
 .text.__sinit  0x0000000008010518       0x30 C:/ST/STM32CubeIDE_1.13.2/STM32CubeIDE/plugins/com.st.stm32cube.ide.mcu.externaltools.gnu-tools-for-stm32.11.3.rel1.win32_1.1.1.202309131626/tools/bin/../lib/gcc/arm-none-eabi/11.3.1/../../../../arm-none-eabi/lib/thumb/v7e-m+fp/hard\libc_nano.a(libc_a-findfp.o)
                0x0000000008010518                __sinit
 .text._fwalk_sglue
                0x0000000008010548       0x3c C:/ST/STM32CubeIDE_1.13.2/STM32CubeIDE/plugins/com.st.stm32cube.ide.mcu.externaltools.gnu-tools-for-stm32.11.3.rel1.win32_1.1.1.202309131626/tools/bin/../lib/gcc/arm-none-eabi/11.3.1/../../../../arm-none-eabi/lib/thumb/v7e-m+fp/hard\libc_nano.a(libc_a-fwalk.o)
                0x0000000008010548                _fwalk_sglue
 .text.sprintf  0x0000000008010584       0x40 C:/ST/STM32CubeIDE_1.13.2/STM32CubeIDE/plugins/com.st.stm32cube.ide.mcu.externaltools.gnu-tools-for-stm32.11.3.rel1.win32_1.1.1.202309131626/tools/bin/../lib/gcc/arm-none-eabi/11.3.1/../../../../arm-none-eabi/lib/thumb/v7e-m+fp/hard\libc_nano.a(libc_a-sprintf.o)
                0x0000000008010584                siprintf
                0x0000000008010584                sprintf
 .text.__sread  0x00000000080105c4       0x22 C:/ST/STM32CubeIDE_1.13.2/STM32CubeIDE/plugins/com.st.stm32cube.ide.mcu.externaltools.gnu-tools-for-stm32.11.3.rel1.win32_1.1.1.202309131626/tools/bin/../lib/gcc/arm-none-eabi/11.3.1/../../../../arm-none-eabi/lib/thumb/v7e-m+fp/hard\libc_nano.a(libc_a-stdio.o)
                0x00000000080105c4                __sread
 .text.__swrite
                0x00000000080105e6       0x38 C:/ST/STM32CubeIDE_1.13.2/STM32CubeIDE/plugins/com.st.stm32cube.ide.mcu.externaltools.gnu-tools-for-stm32.11.3.rel1.win32_1.1.1.202309131626/tools/bin/../lib/gcc/arm-none-eabi/11.3.1/../../../../arm-none-eabi/lib/thumb/v7e-m+fp/hard\libc_nano.a(libc_a-stdio.o)
                0x00000000080105e6                __swrite
 .text.__sseek  0x000000000801061e       0x24 C:/ST/STM32CubeIDE_1.13.2/STM32CubeIDE/plugins/com.st.stm32cube.ide.mcu.externaltools.gnu-tools-for-stm32.11.3.rel1.win32_1.1.1.202309131626/tools/bin/../lib/gcc/arm-none-eabi/11.3.1/../../../../arm-none-eabi/lib/thumb/v7e-m+fp/hard\libc_nano.a(libc_a-stdio.o)
                0x000000000801061e                __sseek
 .text.__sclose
                0x0000000008010642        0x8 C:/ST/STM32CubeIDE_1.13.2/STM32CubeIDE/plugins/com.st.stm32cube.ide.mcu.externaltools.gnu-tools-for-stm32.11.3.rel1.win32_1.1.1.202309131626/tools/bin/../lib/gcc/arm-none-eabi/11.3.1/../../../../arm-none-eabi/lib/thumb/v7e-m+fp/hard\libc_nano.a(libc_a-stdio.o)
                0x0000000008010642                __sclose
 .text.memset   0x000000000801064a       0x10 C:/ST/STM32CubeIDE_1.13.2/STM32CubeIDE/plugins/com.st.stm32cube.ide.mcu.externaltools.gnu-tools-for-stm32.11.3.rel1.win32_1.1.1.202309131626/tools/bin/../lib/gcc/arm-none-eabi/11.3.1/../../../../arm-none-eabi/lib/thumb/v7e-m+fp/hard\libc_nano.a(libc_a-memset.o)
                0x000000000801064a                memset
 *fill*         0x000000000801065a        0x2 
 .text._localeconv_r
                0x000000000801065c        0x8 C:/ST/STM32CubeIDE_1.13.2/STM32CubeIDE/plugins/com.st.stm32cube.ide.mcu.externaltools.gnu-tools-for-stm32.11.3.rel1.win32_1.1.1.202309131626/tools/bin/../lib/gcc/arm-none-eabi/11.3.1/../../../../arm-none-eabi/lib/thumb/v7e-m+fp/hard\libc_nano.a(libc_a-localeconv.o)
                0x000000000801065c                _localeconv_r
 .text._close_r
                0x0000000008010664       0x20 C:/ST/STM32CubeIDE_1.13.2/STM32CubeIDE/plugins/com.st.stm32cube.ide.mcu.externaltools.gnu-tools-for-stm32.11.3.rel1.win32_1.1.1.202309131626/tools/bin/../lib/gcc/arm-none-eabi/11.3.1/../../../../arm-none-eabi/lib/thumb/v7e-m+fp/hard\libc_nano.a(libc_a-closer.o)
                0x0000000008010664                _close_r
 .text._lseek_r
                0x0000000008010684       0x24 C:/ST/STM32CubeIDE_1.13.2/STM32CubeIDE/plugins/com.st.stm32cube.ide.mcu.externaltools.gnu-tools-for-stm32.11.3.rel1.win32_1.1.1.202309131626/tools/bin/../lib/gcc/arm-none-eabi/11.3.1/../../../../arm-none-eabi/lib/thumb/v7e-m+fp/hard\libc_nano.a(libc_a-lseekr.o)
                0x0000000008010684                _lseek_r
 .text._read_r  0x00000000080106a8       0x24 C:/ST/STM32CubeIDE_1.13.2/STM32CubeIDE/plugins/com.st.stm32cube.ide.mcu.externaltools.gnu-tools-for-stm32.11.3.rel1.win32_1.1.1.202309131626/tools/bin/../lib/gcc/arm-none-eabi/11.3.1/../../../../arm-none-eabi/lib/thumb/v7e-m+fp/hard\libc_nano.a(libc_a-readr.o)
                0x00000000080106a8                _read_r
 .text._write_r
                0x00000000080106cc       0x24 C:/ST/STM32CubeIDE_1.13.2/STM32CubeIDE/plugins/com.st.stm32cube.ide.mcu.externaltools.gnu-tools-for-stm32.11.3.rel1.win32_1.1.1.202309131626/tools/bin/../lib/gcc/arm-none-eabi/11.3.1/../../../../arm-none-eabi/lib/thumb/v7e-m+fp/hard\libc_nano.a(libc_a-writer.o)
                0x00000000080106cc                _write_r
 .text.__errno  0x00000000080106f0        0xc C:/ST/STM32CubeIDE_1.13.2/STM32CubeIDE/plugins/com.st.stm32cube.ide.mcu.externaltools.gnu-tools-for-stm32.11.3.rel1.win32_1.1.1.202309131626/tools/bin/../lib/gcc/arm-none-eabi/11.3.1/../../../../arm-none-eabi/lib/thumb/v7e-m+fp/hard\libc_nano.a(libc_a-errno.o)
                0x00000000080106f0                __errno
 .text.__libc_init_array
                0x00000000080106fc       0x48 C:/ST/STM32CubeIDE_1.13.2/STM32CubeIDE/plugins/com.st.stm32cube.ide.mcu.externaltools.gnu-tools-for-stm32.11.3.rel1.win32_1.1.1.202309131626/tools/bin/../lib/gcc/arm-none-eabi/11.3.1/../../../../arm-none-eabi/lib/thumb/v7e-m+fp/hard\libc_nano.a(libc_a-init.o)
                0x00000000080106fc                __libc_init_array
 .text.__retarget_lock_init_recursive
                0x0000000008010744        0x2 C:/ST/STM32CubeIDE_1.13.2/STM32CubeIDE/plugins/com.st.stm32cube.ide.mcu.externaltools.gnu-tools-for-stm32.11.3.rel1.win32_1.1.1.202309131626/tools/bin/../lib/gcc/arm-none-eabi/11.3.1/../../../../arm-none-eabi/lib/thumb/v7e-m+fp/hard\libc_nano.a(libc_a-lock.o)
                0x0000000008010744                __retarget_lock_init_recursive
 .text.__retarget_lock_acquire_recursive
                0x0000000008010746        0x2 C:/ST/STM32CubeIDE_1.13.2/STM32CubeIDE/plugins/com.st.stm32cube.ide.mcu.externaltools.gnu-tools-for-stm32.11.3.rel1.win32_1.1.1.202309131626/tools/bin/../lib/gcc/arm-none-eabi/11.3.1/../../../../arm-none-eabi/lib/thumb/v7e-m+fp/hard\libc_nano.a(libc_a-lock.o)
                0x0000000008010746                __retarget_lock_acquire_recursive
 .text.__retarget_lock_release_recursive
                0x0000000008010748        0x2 C:/ST/STM32CubeIDE_1.13.2/STM32CubeIDE/plugins/com.st.stm32cube.ide.mcu.externaltools.gnu-tools-for-stm32.11.3.rel1.win32_1.1.1.202309131626/tools/bin/../lib/gcc/arm-none-eabi/11.3.1/../../../../arm-none-eabi/lib/thumb/v7e-m+fp/hard\libc_nano.a(libc_a-lock.o)
                0x0000000008010748                __retarget_lock_release_recursive
 .text.memcpy   0x000000000801074a       0x1c C:/ST/STM32CubeIDE_1.13.2/STM32CubeIDE/plugins/com.st.stm32cube.ide.mcu.externaltools.gnu-tools-for-stm32.11.3.rel1.win32_1.1.1.202309131626/tools/bin/../lib/gcc/arm-none-eabi/11.3.1/../../../../arm-none-eabi/lib/thumb/v7e-m+fp/hard\libc_nano.a(libc_a-memcpy-stub.o)
                0x000000000801074a                memcpy
 .text.quorem   0x0000000008010766      0x110 C:/ST/STM32CubeIDE_1.13.2/STM32CubeIDE/plugins/com.st.stm32cube.ide.mcu.externaltools.gnu-tools-for-stm32.11.3.rel1.win32_1.1.1.202309131626/tools/bin/../lib/gcc/arm-none-eabi/11.3.1/../../../../arm-none-eabi/lib/thumb/v7e-m+fp/hard\libc_nano.a(libc_a-dtoa.o)
 *fill*         0x0000000008010876        0x2 
 .text._dtoa_r  0x0000000008010878      0xbe4 C:/ST/STM32CubeIDE_1.13.2/STM32CubeIDE/plugins/com.st.stm32cube.ide.mcu.externaltools.gnu-tools-for-stm32.11.3.rel1.win32_1.1.1.202309131626/tools/bin/../lib/gcc/arm-none-eabi/11.3.1/../../../../arm-none-eabi/lib/thumb/v7e-m+fp/hard\libc_nano.a(libc_a-dtoa.o)
                0x0000000008010878                _dtoa_r
 .text._free_r  0x000000000801145c       0x98 C:/ST/STM32CubeIDE_1.13.2/STM32CubeIDE/plugins/com.st.stm32cube.ide.mcu.externaltools.gnu-tools-for-stm32.11.3.rel1.win32_1.1.1.202309131626/tools/bin/../lib/gcc/arm-none-eabi/11.3.1/../../../../arm-none-eabi/lib/thumb/v7e-m+fp/hard\libc_nano.a(libc_a-freer.o)
                0x000000000801145c                _free_r
 .text.malloc   0x00000000080114f4       0x10 C:/ST/STM32CubeIDE_1.13.2/STM32CubeIDE/plugins/com.st.stm32cube.ide.mcu.externaltools.gnu-tools-for-stm32.11.3.rel1.win32_1.1.1.202309131626/tools/bin/../lib/gcc/arm-none-eabi/11.3.1/../../../../arm-none-eabi/lib/thumb/v7e-m+fp/hard\libc_nano.a(libc_a-malloc.o)
                0x00000000080114f4                malloc
 .text.sbrk_aligned
                0x0000000008011504       0x40 C:/ST/STM32CubeIDE_1.13.2/STM32CubeIDE/plugins/com.st.stm32cube.ide.mcu.externaltools.gnu-tools-for-stm32.11.3.rel1.win32_1.1.1.202309131626/tools/bin/../lib/gcc/arm-none-eabi/11.3.1/../../../../arm-none-eabi/lib/thumb/v7e-m+fp/hard\libc_nano.a(libc_a-mallocr.o)
 .text._malloc_r
                0x0000000008011544      0x100 C:/ST/STM32CubeIDE_1.13.2/STM32CubeIDE/plugins/com.st.stm32cube.ide.mcu.externaltools.gnu-tools-for-stm32.11.3.rel1.win32_1.1.1.202309131626/tools/bin/../lib/gcc/arm-none-eabi/11.3.1/../../../../arm-none-eabi/lib/thumb/v7e-m+fp/hard\libc_nano.a(libc_a-mallocr.o)
                0x0000000008011544                _malloc_r
 .text.__malloc_lock
                0x0000000008011644        0xc C:/ST/STM32CubeIDE_1.13.2/STM32CubeIDE/plugins/com.st.stm32cube.ide.mcu.externaltools.gnu-tools-for-stm32.11.3.rel1.win32_1.1.1.202309131626/tools/bin/../lib/gcc/arm-none-eabi/11.3.1/../../../../arm-none-eabi/lib/thumb/v7e-m+fp/hard\libc_nano.a(libc_a-mlock.o)
                0x0000000008011644                __malloc_lock
 .text.__malloc_unlock
                0x0000000008011650        0xc C:/ST/STM32CubeIDE_1.13.2/STM32CubeIDE/plugins/com.st.stm32cube.ide.mcu.externaltools.gnu-tools-for-stm32.11.3.rel1.win32_1.1.1.202309131626/tools/bin/../lib/gcc/arm-none-eabi/11.3.1/../../../../arm-none-eabi/lib/thumb/v7e-m+fp/hard\libc_nano.a(libc_a-mlock.o)
                0x0000000008011650                __malloc_unlock
 .text._Balloc  0x000000000801165c       0x80 C:/ST/STM32CubeIDE_1.13.2/STM32CubeIDE/plugins/com.st.stm32cube.ide.mcu.externaltools.gnu-tools-for-stm32.11.3.rel1.win32_1.1.1.202309131626/tools/bin/../lib/gcc/arm-none-eabi/11.3.1/../../../../arm-none-eabi/lib/thumb/v7e-m+fp/hard\libc_nano.a(libc_a-mprec.o)
                0x000000000801165c                _Balloc
 .text._Bfree   0x00000000080116dc       0x44 C:/ST/STM32CubeIDE_1.13.2/STM32CubeIDE/plugins/com.st.stm32cube.ide.mcu.externaltools.gnu-tools-for-stm32.11.3.rel1.win32_1.1.1.202309131626/tools/bin/../lib/gcc/arm-none-eabi/11.3.1/../../../../arm-none-eabi/lib/thumb/v7e-m+fp/hard\libc_nano.a(libc_a-mprec.o)
                0x00000000080116dc                _Bfree
 .text.__multadd
                0x0000000008011720       0x8c C:/ST/STM32CubeIDE_1.13.2/STM32CubeIDE/plugins/com.st.stm32cube.ide.mcu.externaltools.gnu-tools-for-stm32.11.3.rel1.win32_1.1.1.202309131626/tools/bin/../lib/gcc/arm-none-eabi/11.3.1/../../../../arm-none-eabi/lib/thumb/v7e-m+fp/hard\libc_nano.a(libc_a-mprec.o)
                0x0000000008011720                __multadd
 .text.__hi0bits
                0x00000000080117ac       0x40 C:/ST/STM32CubeIDE_1.13.2/STM32CubeIDE/plugins/com.st.stm32cube.ide.mcu.externaltools.gnu-tools-for-stm32.11.3.rel1.win32_1.1.1.202309131626/tools/bin/../lib/gcc/arm-none-eabi/11.3.1/../../../../arm-none-eabi/lib/thumb/v7e-m+fp/hard\libc_nano.a(libc_a-mprec.o)
                0x00000000080117ac                __hi0bits
 .text.__lo0bits
                0x00000000080117ec       0x5a C:/ST/STM32CubeIDE_1.13.2/STM32CubeIDE/plugins/com.st.stm32cube.ide.mcu.externaltools.gnu-tools-for-stm32.11.3.rel1.win32_1.1.1.202309131626/tools/bin/../lib/gcc/arm-none-eabi/11.3.1/../../../../arm-none-eabi/lib/thumb/v7e-m+fp/hard\libc_nano.a(libc_a-mprec.o)
                0x00000000080117ec                __lo0bits
 *fill*         0x0000000008011846        0x2 
 .text.__i2b    0x0000000008011848       0x2c C:/ST/STM32CubeIDE_1.13.2/STM32CubeIDE/plugins/com.st.stm32cube.ide.mcu.externaltools.gnu-tools-for-stm32.11.3.rel1.win32_1.1.1.202309131626/tools/bin/../lib/gcc/arm-none-eabi/11.3.1/../../../../arm-none-eabi/lib/thumb/v7e-m+fp/hard\libc_nano.a(libc_a-mprec.o)
                0x0000000008011848                __i2b
 .text.__multiply
                0x0000000008011874      0x154 C:/ST/STM32CubeIDE_1.13.2/STM32CubeIDE/plugins/com.st.stm32cube.ide.mcu.externaltools.gnu-tools-for-stm32.11.3.rel1.win32_1.1.1.202309131626/tools/bin/../lib/gcc/arm-none-eabi/11.3.1/../../../../arm-none-eabi/lib/thumb/v7e-m+fp/hard\libc_nano.a(libc_a-mprec.o)
                0x0000000008011874                __multiply
 .text.__pow5mult
                0x00000000080119c8       0xb4 C:/ST/STM32CubeIDE_1.13.2/STM32CubeIDE/plugins/com.st.stm32cube.ide.mcu.externaltools.gnu-tools-for-stm32.11.3.rel1.win32_1.1.1.202309131626/tools/bin/../lib/gcc/arm-none-eabi/11.3.1/../../../../arm-none-eabi/lib/thumb/v7e-m+fp/hard\libc_nano.a(libc_a-mprec.o)
                0x00000000080119c8                __pow5mult
 .text.__lshift
                0x0000000008011a7c       0xd8 C:/ST/STM32CubeIDE_1.13.2/STM32CubeIDE/plugins/com.st.stm32cube.ide.mcu.externaltools.gnu-tools-for-stm32.11.3.rel1.win32_1.1.1.202309131626/tools/bin/../lib/gcc/arm-none-eabi/11.3.1/../../../../arm-none-eabi/lib/thumb/v7e-m+fp/hard\libc_nano.a(libc_a-mprec.o)
                0x0000000008011a7c                __lshift
 .text.__mcmp   0x0000000008011b54       0x38 C:/ST/STM32CubeIDE_1.13.2/STM32CubeIDE/plugins/com.st.stm32cube.ide.mcu.externaltools.gnu-tools-for-stm32.11.3.rel1.win32_1.1.1.202309131626/tools/bin/../lib/gcc/arm-none-eabi/11.3.1/../../../../arm-none-eabi/lib/thumb/v7e-m+fp/hard\libc_nano.a(libc_a-mprec.o)
                0x0000000008011b54                __mcmp
 .text.__mdiff  0x0000000008011b8c      0x114 C:/ST/STM32CubeIDE_1.13.2/STM32CubeIDE/plugins/com.st.stm32cube.ide.mcu.externaltools.gnu-tools-for-stm32.11.3.rel1.win32_1.1.1.202309131626/tools/bin/../lib/gcc/arm-none-eabi/11.3.1/../../../../arm-none-eabi/lib/thumb/v7e-m+fp/hard\libc_nano.a(libc_a-mprec.o)
                0x0000000008011b8c                __mdiff
 .text.__d2b    0x0000000008011ca0       0xb4 C:/ST/STM32CubeIDE_1.13.2/STM32CubeIDE/plugins/com.st.stm32cube.ide.mcu.externaltools.gnu-tools-for-stm32.11.3.rel1.win32_1.1.1.202309131626/tools/bin/../lib/gcc/arm-none-eabi/11.3.1/../../../../arm-none-eabi/lib/thumb/v7e-m+fp/hard\libc_nano.a(libc_a-mprec.o)
                0x0000000008011ca0                __d2b
 .text.__ssputs_r
                0x0000000008011d54       0xb4 C:/ST/STM32CubeIDE_1.13.2/STM32CubeIDE/plugins/com.st.stm32cube.ide.mcu.externaltools.gnu-tools-for-stm32.11.3.rel1.win32_1.1.1.202309131626/tools/bin/../lib/gcc/arm-none-eabi/11.3.1/../../../../arm-none-eabi/lib/thumb/v7e-m+fp/hard\libc_nano.a(libc_a-nano-svfprintf.o)
                0x0000000008011d54                __ssputs_r
 .text._svfprintf_r
                0x0000000008011e08      0x1fc C:/ST/STM32CubeIDE_1.13.2/STM32CubeIDE/plugins/com.st.stm32cube.ide.mcu.externaltools.gnu-tools-for-stm32.11.3.rel1.win32_1.1.1.202309131626/tools/bin/../lib/gcc/arm-none-eabi/11.3.1/../../../../arm-none-eabi/lib/thumb/v7e-m+fp/hard\libc_nano.a(libc_a-nano-svfprintf.o)
                0x0000000008011e08                _svfiprintf_r
                0x0000000008011e08                _svfprintf_r
 .text.__sflush_r
                0x0000000008012004      0x10c C:/ST/STM32CubeIDE_1.13.2/STM32CubeIDE/plugins/com.st.stm32cube.ide.mcu.externaltools.gnu-tools-for-stm32.11.3.rel1.win32_1.1.1.202309131626/tools/bin/../lib/gcc/arm-none-eabi/11.3.1/../../../../arm-none-eabi/lib/thumb/v7e-m+fp/hard\libc_nano.a(libc_a-fflush.o)
                0x0000000008012004                __sflush_r
 .text._fflush_r
                0x0000000008012110       0x50 C:/ST/STM32CubeIDE_1.13.2/STM32CubeIDE/plugins/com.st.stm32cube.ide.mcu.externaltools.gnu-tools-for-stm32.11.3.rel1.win32_1.1.1.202309131626/tools/bin/../lib/gcc/arm-none-eabi/11.3.1/../../../../arm-none-eabi/lib/thumb/v7e-m+fp/hard\libc_nano.a(libc_a-fflush.o)
                0x0000000008012110                _fflush_r
 .text.memmove  0x0000000008012160       0x34 C:/ST/STM32CubeIDE_1.13.2/STM32CubeIDE/plugins/com.st.stm32cube.ide.mcu.externaltools.gnu-tools-for-stm32.11.3.rel1.win32_1.1.1.202309131626/tools/bin/../lib/gcc/arm-none-eabi/11.3.1/../../../../arm-none-eabi/lib/thumb/v7e-m+fp/hard\libc_nano.a(libc_a-memmove.o)
                0x0000000008012160                memmove
 .text._sbrk_r  0x0000000008012194       0x20 C:/ST/STM32CubeIDE_1.13.2/STM32CubeIDE/plugins/com.st.stm32cube.ide.mcu.externaltools.gnu-tools-for-stm32.11.3.rel1.win32_1.1.1.202309131626/tools/bin/../lib/gcc/arm-none-eabi/11.3.1/../../../../arm-none-eabi/lib/thumb/v7e-m+fp/hard\libc_nano.a(libc_a-sbrkr.o)
                0x0000000008012194                _sbrk_r
 .text.__assert_func
                0x00000000080121b4       0x3c C:/ST/STM32CubeIDE_1.13.2/STM32CubeIDE/plugins/com.st.stm32cube.ide.mcu.externaltools.gnu-tools-for-stm32.11.3.rel1.win32_1.1.1.202309131626/tools/bin/../lib/gcc/arm-none-eabi/11.3.1/../../../../arm-none-eabi/lib/thumb/v7e-m+fp/hard\libc_nano.a(libc_a-assert.o)
                0x00000000080121b4                __assert_func
 .text._calloc_r
                0x00000000080121f0       0x2c C:/ST/STM32CubeIDE_1.13.2/STM32CubeIDE/plugins/com.st.stm32cube.ide.mcu.externaltools.gnu-tools-for-stm32.11.3.rel1.win32_1.1.1.202309131626/tools/bin/../lib/gcc/arm-none-eabi/11.3.1/../../../../arm-none-eabi/lib/thumb/v7e-m+fp/hard\libc_nano.a(libc_a-callocr.o)
                0x00000000080121f0                _calloc_r
 .text.__ascii_mbtowc
                0x000000000801221c       0x24 C:/ST/STM32CubeIDE_1.13.2/STM32CubeIDE/plugins/com.st.stm32cube.ide.mcu.externaltools.gnu-tools-for-stm32.11.3.rel1.win32_1.1.1.202309131626/tools/bin/../lib/gcc/arm-none-eabi/11.3.1/../../../../arm-none-eabi/lib/thumb/v7e-m+fp/hard\libc_nano.a(libc_a-mbtowc_r.o)
                0x000000000801221c                __ascii_mbtowc
 .text._realloc_r
                0x0000000008012240       0x5e C:/ST/STM32CubeIDE_1.13.2/STM32CubeIDE/plugins/com.st.stm32cube.ide.mcu.externaltools.gnu-tools-for-stm32.11.3.rel1.win32_1.1.1.202309131626/tools/bin/../lib/gcc/arm-none-eabi/11.3.1/../../../../arm-none-eabi/lib/thumb/v7e-m+fp/hard\libc_nano.a(libc_a-reallocr.o)
                0x0000000008012240                _realloc_r
 .text.__ascii_wctomb
                0x000000000801229e       0x1a C:/ST/STM32CubeIDE_1.13.2/STM32CubeIDE/plugins/com.st.stm32cube.ide.mcu.externaltools.gnu-tools-for-stm32.11.3.rel1.win32_1.1.1.202309131626/tools/bin/../lib/gcc/arm-none-eabi/11.3.1/../../../../arm-none-eabi/lib/thumb/v7e-m+fp/hard\libc_nano.a(libc_a-wctomb_r.o)
                0x000000000801229e                __ascii_wctomb
 .text.fprintf  0x00000000080122b8       0x24 C:/ST/STM32CubeIDE_1.13.2/STM32CubeIDE/plugins/com.st.stm32cube.ide.mcu.externaltools.gnu-tools-for-stm32.11.3.rel1.win32_1.1.1.202309131626/tools/bin/../lib/gcc/arm-none-eabi/11.3.1/../../../../arm-none-eabi/lib/thumb/v7e-m+fp/hard\libc_nano.a(libc_a-fprintf.o)
                0x00000000080122b8                fiprintf
                0x00000000080122b8                fprintf
 .text.abort    0x00000000080122dc        0xe C:/ST/STM32CubeIDE_1.13.2/STM32CubeIDE/plugins/com.st.stm32cube.ide.mcu.externaltools.gnu-tools-for-stm32.11.3.rel1.win32_1.1.1.202309131626/tools/bin/../lib/gcc/arm-none-eabi/11.3.1/../../../../arm-none-eabi/lib/thumb/v7e-m+fp/hard\libc_nano.a(libc_a-abort.o)
                0x00000000080122dc                abort
 .text._malloc_usable_size_r
                0x00000000080122ea       0x10 C:/ST/STM32CubeIDE_1.13.2/STM32CubeIDE/plugins/com.st.stm32cube.ide.mcu.externaltools.gnu-tools-for-stm32.11.3.rel1.win32_1.1.1.202309131626/tools/bin/../lib/gcc/arm-none-eabi/11.3.1/../../../../arm-none-eabi/lib/thumb/v7e-m+fp/hard\libc_nano.a(libc_a-msizer.o)
                0x00000000080122ea                _malloc_usable_size_r
 .text.__sfputc_r
                0x00000000080122fa       0x2e C:/ST/STM32CubeIDE_1.13.2/STM32CubeIDE/plugins/com.st.stm32cube.ide.mcu.externaltools.gnu-tools-for-stm32.11.3.rel1.win32_1.1.1.202309131626/tools/bin/../lib/gcc/arm-none-eabi/11.3.1/../../../../arm-none-eabi/lib/thumb/v7e-m+fp/hard\libc_nano.a(libc_a-nano-vfprintf.o)
 .text.__sfputs_r
                0x0000000008012328       0x24 C:/ST/STM32CubeIDE_1.13.2/STM32CubeIDE/plugins/com.st.stm32cube.ide.mcu.externaltools.gnu-tools-for-stm32.11.3.rel1.win32_1.1.1.202309131626/tools/bin/../lib/gcc/arm-none-eabi/11.3.1/../../../../arm-none-eabi/lib/thumb/v7e-m+fp/hard\libc_nano.a(libc_a-nano-vfprintf.o)
                0x0000000008012328                __sfputs_r
 .text._vfprintf_r
                0x000000000801234c      0x234 C:/ST/STM32CubeIDE_1.13.2/STM32CubeIDE/plugins/com.st.stm32cube.ide.mcu.externaltools.gnu-tools-for-stm32.11.3.rel1.win32_1.1.1.202309131626/tools/bin/../lib/gcc/arm-none-eabi/11.3.1/../../../../arm-none-eabi/lib/thumb/v7e-m+fp/hard\libc_nano.a(libc_a-nano-vfprintf.o)
                0x000000000801234c                _vfprintf_r
                0x000000000801234c                _vfiprintf_r
 .text.__swbuf_r
                0x0000000008012580       0x7a C:/ST/STM32CubeIDE_1.13.2/STM32CubeIDE/plugins/com.st.stm32cube.ide.mcu.externaltools.gnu-tools-for-stm32.11.3.rel1.win32_1.1.1.202309131626/tools/bin/../lib/gcc/arm-none-eabi/11.3.1/../../../../arm-none-eabi/lib/thumb/v7e-m+fp/hard\libc_nano.a(libc_a-wbuf.o)
                0x0000000008012580                __swbuf_r
 *fill*         0x00000000080125fa        0x2 
 .text.__swsetup_r
                0x00000000080125fc       0xb0 C:/ST/STM32CubeIDE_1.13.2/STM32CubeIDE/plugins/com.st.stm32cube.ide.mcu.externaltools.gnu-tools-for-stm32.11.3.rel1.win32_1.1.1.202309131626/tools/bin/../lib/gcc/arm-none-eabi/11.3.1/../../../../arm-none-eabi/lib/thumb/v7e-m+fp/hard\libc_nano.a(libc_a-wsetup.o)
                0x00000000080125fc                __swsetup_r
 .text._raise_r
                0x00000000080126ac       0x50 C:/ST/STM32CubeIDE_1.13.2/STM32CubeIDE/plugins/com.st.stm32cube.ide.mcu.externaltools.gnu-tools-for-stm32.11.3.rel1.win32_1.1.1.202309131626/tools/bin/../lib/gcc/arm-none-eabi/11.3.1/../../../../arm-none-eabi/lib/thumb/v7e-m+fp/hard\libc_nano.a(libc_a-signal.o)
                0x00000000080126ac                _raise_r
 .text.raise    0x00000000080126fc       0x10 C:/ST/STM32CubeIDE_1.13.2/STM32CubeIDE/plugins/com.st.stm32cube.ide.mcu.externaltools.gnu-tools-for-stm32.11.3.rel1.win32_1.1.1.202309131626/tools/bin/../lib/gcc/arm-none-eabi/11.3.1/../../../../arm-none-eabi/lib/thumb/v7e-m+fp/hard\libc_nano.a(libc_a-signal.o)
                0x00000000080126fc                raise
 .text._kill_r  0x000000000801270c       0x24 C:/ST/STM32CubeIDE_1.13.2/STM32CubeIDE/plugins/com.st.stm32cube.ide.mcu.externaltools.gnu-tools-for-stm32.11.3.rel1.win32_1.1.1.202309131626/tools/bin/../lib/gcc/arm-none-eabi/11.3.1/../../../../arm-none-eabi/lib/thumb/v7e-m+fp/hard\libc_nano.a(libc_a-signalr.o)
                0x000000000801270c                _kill_r
 .text._getpid_r
                0x0000000008012730        0x4 C:/ST/STM32CubeIDE_1.13.2/STM32CubeIDE/plugins/com.st.stm32cube.ide.mcu.externaltools.gnu-tools-for-stm32.11.3.rel1.win32_1.1.1.202309131626/tools/bin/../lib/gcc/arm-none-eabi/11.3.1/../../../../arm-none-eabi/lib/thumb/v7e-m+fp/hard\libc_nano.a(libc_a-signalr.o)
                0x0000000008012730                _getpid_r
 .text.__swhatbuf_r
                0x0000000008012734       0x4c C:/ST/STM32CubeIDE_1.13.2/STM32CubeIDE/plugins/com.st.stm32cube.ide.mcu.externaltools.gnu-tools-for-stm32.11.3.rel1.win32_1.1.1.202309131626/tools/bin/../lib/gcc/arm-none-eabi/11.3.1/../../../../arm-none-eabi/lib/thumb/v7e-m+fp/hard\libc_nano.a(libc_a-makebuf.o)
                0x0000000008012734                __swhatbuf_r
 .text.__smakebuf_r
                0x0000000008012780       0x78 C:/ST/STM32CubeIDE_1.13.2/STM32CubeIDE/plugins/com.st.stm32cube.ide.mcu.externaltools.gnu-tools-for-stm32.11.3.rel1.win32_1.1.1.202309131626/tools/bin/../lib/gcc/arm-none-eabi/11.3.1/../../../../arm-none-eabi/lib/thumb/v7e-m+fp/hard\libc_nano.a(libc_a-makebuf.o)
                0x0000000008012780                __smakebuf_r
 .text._fstat_r
                0x00000000080127f8       0x24 C:/ST/STM32CubeIDE_1.13.2/STM32CubeIDE/plugins/com.st.stm32cube.ide.mcu.externaltools.gnu-tools-for-stm32.11.3.rel1.win32_1.1.1.202309131626/tools/bin/../lib/gcc/arm-none-eabi/11.3.1/../../../../arm-none-eabi/lib/thumb/v7e-m+fp/hard\libc_nano.a(libc_a-fstatr.o)
                0x00000000080127f8                _fstat_r
 .text._isatty_r
                0x000000000801281c       0x20 C:/ST/STM32CubeIDE_1.13.2/STM32CubeIDE/plugins/com.st.stm32cube.ide.mcu.externaltools.gnu-tools-for-stm32.11.3.rel1.win32_1.1.1.202309131626/tools/bin/../lib/gcc/arm-none-eabi/11.3.1/../../../../arm-none-eabi/lib/thumb/v7e-m+fp/hard\libc_nano.a(libc_a-isattyr.o)
                0x000000000801281c                _isatty_r
 .text.atan2    0x000000000801283c        0x4 C:/ST/STM32CubeIDE_1.13.2/STM32CubeIDE/plugins/com.st.stm32cube.ide.mcu.externaltools.gnu-tools-for-stm32.11.3.rel1.win32_1.1.1.202309131626/tools/bin/../lib/gcc/arm-none-eabi/11.3.1/../../../../arm-none-eabi/lib/thumb/v7e-m+fp/hard\libm.a(libm_a-w_atan2.o)
                0x000000000801283c                atan2
 .text.sqrt     0x0000000008012840       0x58 C:/ST/STM32CubeIDE_1.13.2/STM32CubeIDE/plugins/com.st.stm32cube.ide.mcu.externaltools.gnu-tools-for-stm32.11.3.rel1.win32_1.1.1.202309131626/tools/bin/../lib/gcc/arm-none-eabi/11.3.1/../../../../arm-none-eabi/lib/thumb/v7e-m+fp/hard\libm.a(libm_a-w_sqrt.o)
                0x0000000008012840                sqrt
 .text.cos      0x0000000008012898       0xa8 C:/ST/STM32CubeIDE_1.13.2/STM32CubeIDE/plugins/com.st.stm32cube.ide.mcu.externaltools.gnu-tools-for-stm32.11.3.rel1.win32_1.1.1.202309131626/tools/bin/../lib/gcc/arm-none-eabi/11.3.1/../../../../arm-none-eabi/lib/thumb/v7e-m+fp/hard\libm.a(libm_a-s_cos.o)
                0x0000000008012898                cos
 .text.sin      0x0000000008012940       0xb0 C:/ST/STM32CubeIDE_1.13.2/STM32CubeIDE/plugins/com.st.stm32cube.ide.mcu.externaltools.gnu-tools-for-stm32.11.3.rel1.win32_1.1.1.202309131626/tools/bin/../lib/gcc/arm-none-eabi/11.3.1/../../../../arm-none-eabi/lib/thumb/v7e-m+fp/hard\libm.a(libm_a-s_sin.o)
                0x0000000008012940                sin
 .text.__ieee754_sqrt
                0x00000000080129f0      0x1b4 C:/ST/STM32CubeIDE_1.13.2/STM32CubeIDE/plugins/com.st.stm32cube.ide.mcu.externaltools.gnu-tools-for-stm32.11.3.rel1.win32_1.1.1.202309131626/tools/bin/../lib/gcc/arm-none-eabi/11.3.1/../../../../arm-none-eabi/lib/thumb/v7e-m+fp/hard\libm.a(libm_a-e_sqrt.o)
                0x00000000080129f0                __ieee754_sqrt
 *fill*         0x0000000008012ba4        0x4 
 .text.__kernel_cos